../Core/Src/main.c:143:6:mood_system	16	static
../Core/Src/main.c:308:6:HAL_UART_RxCpltCallback	16	static
../Core/Src/main.c:335:5:main	24	static
../Core/Src/main.c:446:6:SystemClock_Config	88	static
../Core/Src/main.c:494:13:MX_ADC1_Init	24	static
../Core/Src/main.c:546:13:MX_I2C1_Init	8	static
../Core/Src/main.c:580:13:MX_RTC_Init	32	static
../Core/Src/main.c:650:13:MX_TIM1_Init	32	static
../Core/Src/main.c:696:13:MX_TIM2_Init	32	static
../Core/Src/main.c:741:13:MX_TIM3_Init	32	static
../Core/Src/main.c:786:13:MX_TIM4_Init	64	static
../Core/Src/main.c:845:13:MX_TIM5_Init	64	static
../Core/Src/main.c:904:13:MX_USART2_UART_Init	8	static
../Core/Src/main.c:937:13:MX_GPIO_Init	48	static
../Core/Src/main.c:991:6:Error_Handler	4	static,ignoring_inline_asm
