../Core/Src/ssd1306.c:34:6:OLED_InvertDisplay	16	static
../Core/Src/ssd1306.c:43:6:OLED_DrawBitmap	32	static
../Core/Src/ssd1306.c:73:9:OLED_Init	16	static
../Core/Src/ssd1306.c:138:6:OLED_UpdateScreen	16	static
../Core/Src/ssd1306.c:151:6:OLED_ToggleInvert	16	static
../Core/Src/ssd1306.c:163:6:OLED_Fill	16	static
../Core/Src/ssd1306.c:168:6:OLED_DrawPixel	16	static
../Core/Src/ssd1306.c:190:6:OLED_GotoXY	16	static
../Core/Src/ssd1306.c:196:6:OLED_Putc	32	static
../Core/Src/ssd1306.c:227:6:OLED_Puts	24	static
../Core/Src/ssd1306.c:247:6:OLED_Clear	8	static
../Core/Src/ssd1306.c:252:6:OLED_ON	8	static
../Core/Src/ssd1306.c:257:6:OLED_OFF	8	static
../Core/Src/ssd1306.c:263:6:OLED_I2C_Init	16	static
../Core/Src/ssd1306.c:271:6:OLED_I2C_WriteMulti	296	static
../Core/Src/ssd1306.c:281:6:OLED_I2C_Write	32	static
