Archive member included to satisfy reference by file (symbol)

c:/st/stm32cubeide_1.10.1/stm32cubeide/plugins/com.st.stm32cube.ide.mcu.externaltools.gnu-tools-for-stm32.10.3-2021.10.win32_1.0.0.202111181127/tools/bin/../lib/gcc/arm-none-eabi/10.3.1/../../../../arm-none-eabi/lib/thumb/v7e-m+fp/hard\libc_nano.a(lib_a-errno.o)
                              ./Core/Src/syscalls.o (__errno)
c:/st/stm32cubeide_1.10.1/stm32cubeide/plugins/com.st.stm32cube.ide.mcu.externaltools.gnu-tools-for-stm32.10.3-2021.10.win32_1.0.0.202111181127/tools/bin/../lib/gcc/arm-none-eabi/10.3.1/../../../../arm-none-eabi/lib/thumb/v7e-m+fp/hard\libc_nano.a(lib_a-exit.o)
                              c:/st/stm32cubeide_1.10.1/stm32cubeide/plugins/com.st.stm32cube.ide.mcu.externaltools.gnu-tools-for-stm32.10.3-2021.10.win32_1.0.0.202111181127/tools/bin/../lib/gcc/arm-none-eabi/10.3.1/../../../../arm-none-eabi/lib/thumb/v7e-m+fp/hard/crt0.o (exit)
c:/st/stm32cubeide_1.10.1/stm32cubeide/plugins/com.st.stm32cube.ide.mcu.externaltools.gnu-tools-for-stm32.10.3-2021.10.win32_1.0.0.202111181127/tools/bin/../lib/gcc/arm-none-eabi/10.3.1/../../../../arm-none-eabi/lib/thumb/v7e-m+fp/hard\libc_nano.a(lib_a-impure.o)
                              c:/st/stm32cubeide_1.10.1/stm32cubeide/plugins/com.st.stm32cube.ide.mcu.externaltools.gnu-tools-for-stm32.10.3-2021.10.win32_1.0.0.202111181127/tools/bin/../lib/gcc/arm-none-eabi/10.3.1/../../../../arm-none-eabi/lib/thumb/v7e-m+fp/hard\libc_nano.a(lib_a-exit.o) (_global_impure_ptr)
c:/st/stm32cubeide_1.10.1/stm32cubeide/plugins/com.st.stm32cube.ide.mcu.externaltools.gnu-tools-for-stm32.10.3-2021.10.win32_1.0.0.202111181127/tools/bin/../lib/gcc/arm-none-eabi/10.3.1/../../../../arm-none-eabi/lib/thumb/v7e-m+fp/hard\libc_nano.a(lib_a-init.o)
                              c:/st/stm32cubeide_1.10.1/stm32cubeide/plugins/com.st.stm32cube.ide.mcu.externaltools.gnu-tools-for-stm32.10.3-2021.10.win32_1.0.0.202111181127/tools/bin/../lib/gcc/arm-none-eabi/10.3.1/../../../../arm-none-eabi/lib/thumb/v7e-m+fp/hard/crt0.o (__libc_init_array)
c:/st/stm32cubeide_1.10.1/stm32cubeide/plugins/com.st.stm32cube.ide.mcu.externaltools.gnu-tools-for-stm32.10.3-2021.10.win32_1.0.0.202111181127/tools/bin/../lib/gcc/arm-none-eabi/10.3.1/../../../../arm-none-eabi/lib/thumb/v7e-m+fp/hard\libc_nano.a(lib_a-memset.o)
                              c:/st/stm32cubeide_1.10.1/stm32cubeide/plugins/com.st.stm32cube.ide.mcu.externaltools.gnu-tools-for-stm32.10.3-2021.10.win32_1.0.0.202111181127/tools/bin/../lib/gcc/arm-none-eabi/10.3.1/../../../../arm-none-eabi/lib/thumb/v7e-m+fp/hard/crt0.o (memset)
c:/st/stm32cubeide_1.10.1/stm32cubeide/plugins/com.st.stm32cube.ide.mcu.externaltools.gnu-tools-for-stm32.10.3-2021.10.win32_1.0.0.202111181127/tools/bin/../lib/gcc/arm-none-eabi/10.3.1/../../../../arm-none-eabi/lib/thumb/v7e-m+fp/hard\libc_nano.a(lib_a-sprintf.o)
                              ./Core/Src/dht11.o (sprintf)
c:/st/stm32cubeide_1.10.1/stm32cubeide/plugins/com.st.stm32cube.ide.mcu.externaltools.gnu-tools-for-stm32.10.3-2021.10.win32_1.0.0.202111181127/tools/bin/../lib/gcc/arm-none-eabi/10.3.1/../../../../arm-none-eabi/lib/thumb/v7e-m+fp/hard\libc_nano.a(lib_a-strlen.o)
                              ./Core/Src/fonts.o (strlen)
c:/st/stm32cubeide_1.10.1/stm32cubeide/plugins/com.st.stm32cube.ide.mcu.externaltools.gnu-tools-for-stm32.10.3-2021.10.win32_1.0.0.202111181127/tools/bin/../lib/gcc/arm-none-eabi/10.3.1/../../../../arm-none-eabi/lib/thumb/v7e-m+fp/hard\libc_nano.a(lib_a-nano-svfprintf.o)
                              c:/st/stm32cubeide_1.10.1/stm32cubeide/plugins/com.st.stm32cube.ide.mcu.externaltools.gnu-tools-for-stm32.10.3-2021.10.win32_1.0.0.202111181127/tools/bin/../lib/gcc/arm-none-eabi/10.3.1/../../../../arm-none-eabi/lib/thumb/v7e-m+fp/hard\libc_nano.a(lib_a-sprintf.o) (_svfprintf_r)
c:/st/stm32cubeide_1.10.1/stm32cubeide/plugins/com.st.stm32cube.ide.mcu.externaltools.gnu-tools-for-stm32.10.3-2021.10.win32_1.0.0.202111181127/tools/bin/../lib/gcc/arm-none-eabi/10.3.1/../../../../arm-none-eabi/lib/thumb/v7e-m+fp/hard\libc_nano.a(lib_a-nano-vfprintf_i.o)
                              c:/st/stm32cubeide_1.10.1/stm32cubeide/plugins/com.st.stm32cube.ide.mcu.externaltools.gnu-tools-for-stm32.10.3-2021.10.win32_1.0.0.202111181127/tools/bin/../lib/gcc/arm-none-eabi/10.3.1/../../../../arm-none-eabi/lib/thumb/v7e-m+fp/hard\libc_nano.a(lib_a-nano-svfprintf.o) (_printf_i)
c:/st/stm32cubeide_1.10.1/stm32cubeide/plugins/com.st.stm32cube.ide.mcu.externaltools.gnu-tools-for-stm32.10.3-2021.10.win32_1.0.0.202111181127/tools/bin/../lib/gcc/arm-none-eabi/10.3.1/../../../../arm-none-eabi/lib/thumb/v7e-m+fp/hard\libc_nano.a(lib_a-memchr.o)
                              c:/st/stm32cubeide_1.10.1/stm32cubeide/plugins/com.st.stm32cube.ide.mcu.externaltools.gnu-tools-for-stm32.10.3-2021.10.win32_1.0.0.202111181127/tools/bin/../lib/gcc/arm-none-eabi/10.3.1/../../../../arm-none-eabi/lib/thumb/v7e-m+fp/hard\libc_nano.a(lib_a-nano-svfprintf.o) (memchr)
[...]
Memory Configuration

Name             Origin             Length             Attributes
RAM              0x0000000020000000 0x0000000000020000 xrw
FLASH            0x0000000008000000 0x0000000000080000 xr
*default*        0x0000000000000000 0xffffffffffffffff

Linker script and memory map

LOAD c:/st/stm32cubeide_1.10.1/stm32cubeide/plugins/com.st.stm32cube.ide.mcu.externaltools.gnu-tools-for-stm32.10.3-2021.10.win32_1.0.0.202111181127/tools/bin/../lib/gcc/arm-none-eabi/10.3.1/thumb/v7e-m+fp/hard/crti.o
LOAD c:/st/stm32cubeide_1.10.1/stm32cubeide/plugins/com.st.stm32cube.ide.mcu.externaltools.gnu-tools-for-stm32.10.3-2021.10.win32_1.0.0.202111181127/tools/bin/../lib/gcc/arm-none-eabi/10.3.1/thumb/v7e-m+fp/hard/crtbegin.o
LOAD c:/st/stm32cubeide_1.10.1/stm32cubeide/plugins/com.st.stm32cube.ide.mcu.externaltools.gnu-tools-for-stm32.10.3-2021.10.win32_1.0.0.202111181127/tools/bin/../lib/gcc/arm-none-eabi/10.3.1/../../../../arm-none-eabi/lib/thumb/v7e-m+fp/hard/crt0.o
LOAD ./Core/Src/dht11.o
LOAD ./Core/Src/fonts.o
LOAD ./Core/Src/ldr.o
LOAD ./Core/Src/main.o
LOAD ./Core/Src/ssd1306.o
LOAD ./Core/Src/stm32f4xx_hal_msp.o
LOAD ./Core/Src/stm32f4xx_it.o
LOAD ./Core/Src/syscalls.o
LOAD ./Core/Src/sysmem.o
LOAD ./Core/Src/system_stm32f4xx.o
LOAD ./Core/Startup/startup_stm32f411vetx.o
LOAD ./Drivers/STM32F4xx_HAL_Driver/Src/stm32f4xx_hal.o
LOAD ./Drivers/STM32F4xx_HAL_Driver/Src/stm32f4xx_hal_adc.o
LOAD ./Drivers/STM32F4xx_HAL_Driver/Src/stm32f4xx_hal_adc_ex.o
LOAD ./Drivers/STM32F4xx_HAL_Driver/Src/stm32f4xx_hal_cortex.o
LOAD ./Drivers/STM32F4xx_HAL_Driver/Src/stm32f4xx_hal_dma.o
LOAD ./Drivers/STM32F4xx_HAL_Driver/Src/stm32f4xx_hal_dma_ex.o
LOAD ./Drivers/STM32F4xx_HAL_Driver/Src/stm32f4xx_hal_exti.o
LOAD ./Drivers/STM32F4xx_HAL_Driver/Src/stm32f4xx_hal_flash.o
LOAD ./Drivers/STM32F4xx_HAL_Driver/Src/stm32f4xx_hal_flash_ex.o
LOAD ./Drivers/STM32F4xx_HAL_Driver/Src/stm32f4xx_hal_flash_ramfunc.o
LOAD ./Drivers/STM32F4xx_HAL_Driver/Src/stm32f4xx_hal_gpio.o
LOAD ./Drivers/STM32F4xx_HAL_Driver/Src/stm32f4xx_hal_i2c.o
LOAD ./Drivers/STM32F4xx_HAL_Driver/Src/stm32f4xx_hal_i2c_ex.o
LOAD ./Drivers/STM32F4xx_HAL_Driver/Src/stm32f4xx_hal_pwr.o
LOAD ./Drivers/STM32F4xx_HAL_Driver/Src/stm32f4xx_hal_pwr_ex.o
LOAD ./Drivers/STM32F4xx_HAL_Driver/Src/stm32f4xx_hal_rcc.o
LOAD ./Drivers/STM32F4xx_HAL_Driver/Src/stm32f4xx_hal_rcc_ex.o
LOAD ./Drivers/STM32F4xx_HAL_Driver/Src/stm32f4xx_hal_rtc.o
LOAD ./Drivers/STM32F4xx_HAL_Driver/Src/stm32f4xx_hal_rtc_ex.o
LOAD ./Drivers/STM32F4xx_HAL_Driver/Src/stm32f4xx_hal_tim.o
LOAD ./Drivers/STM32F4xx_HAL_Driver/Src/stm32f4xx_hal_tim_ex.o
LOAD ./Drivers/STM32F4xx_HAL_Driver/Src/stm32f4xx_hal_uart.o
LOAD ./Drivers/STM32F4xx_HAL_Driver/Src/stm32f4xx_ll_adc.o
START GROUP
LOAD c:/st/stm32cubeide_1.10.1/stm32cubeide/plugins/com.st.stm32cube.ide.mcu.externaltools.gnu-tools-for-stm32.10.3-2021.10.win32_1.0.0.202111181127/tools/bin/../lib/gcc/arm-none-eabi/10.3.1/../../../../arm-none-eabi/lib/thumb/v7e-m+fp/hard\libc_nano.a
LOAD c:/st/stm32cubeide_1.10.1/stm32cubeide/plugins/com.st.stm32cube.ide.mcu.externaltools.gnu-tools-for-stm32.10.3-2021.10.win32_1.0.0.202111181127/tools/bin/../lib/gcc/arm-none-eabi/10.3.1/../../../../arm-none-eabi/lib/thumb/v7e-m+fp/hard\libm.a
END GROUP
START GROUP
LOAD c:/st/stm32cubeide_1.10.1/stm32cubeide/plugins/com.st.stm32cube.ide.mcu.externaltools.gnu-tools-for-stm32.10.3-2021.10.win32_1.0.0.202111181127/tools/bin/../lib/gcc/arm-none-eabi/10.3.1/thumb/v7e-m+fp/hard\libgcc.a
LOAD c:/st/stm32cubeide_1.10.1/stm32cubeide/plugins/com.st.stm32cube.ide.mcu.externaltools.gnu-tools-for-stm32.10.3-2021.10.win32_1.0.0.202111181127/tools/bin/../lib/gcc/arm-none-eabi/10.3.1/../../../../arm-none-eabi/lib/thumb/v7e-m+fp/hard\libc_nano.a
END GROUP
START GROUP
LOAD c:/st/stm32cubeide_1.10.1/stm32cubeide/plugins/com.st.stm32cube.ide.mcu.externaltools.gnu-tools-for-stm32.10.3-2021.10.win32_1.0.0.202111181127/tools/bin/../lib/gcc/arm-none-eabi/10.3.1/thumb/v7e-m+fp/hard\libgcc.a
LOAD c:/st/stm32cubeide_1.10.1/stm32cubeide/plugins/com.st.stm32cube.ide.mcu.externaltools.gnu-tools-for-stm32.10.3-2021.10.win32_1.0.0.202111181127/tools/bin/../lib/gcc/arm-none-eabi/10.3.1/../../../../arm-none-eabi/lib/thumb/v7e-m+fp/hard\libc_nano.a
LOAD c:/st/stm32cubeide_1.10.1/stm32cubeide/plugins/com.st.stm32cube.ide.mcu.externaltools.gnu-tools-for-stm32.10.3-2021.10.win32_1.0.0.202111181127/tools/bin/../lib/gcc/arm-none-eabi/10.3.1/../../../../arm-none-eabi/lib/thumb/v7e-m+fp/hard\libnosys.a
END GROUP
START GROUP
LOAD c:/st/stm32cubeide_1.10.1/stm32cubeide/plugins/com.st.stm32cube.ide.mcu.externaltools.gnu-tools-for-stm32.10.3-2021.10.win32_1.0.0.202111181127/tools/bin/../lib/gcc/arm-none-eabi/10.3.1/thumb/v7e-m+fp/hard\libgcc.a
LOAD c:/st/stm32cubeide_1.10.1/stm32cubeide/plugins/com.st.stm32cube.ide.mcu.externaltools.gnu-tools-for-stm32.10.3-2021.10.win32_1.0.0.202111181127/tools/bin/../lib/gcc/arm-none-eabi/10.3.1/../../../../arm-none-eabi/lib/thumb/v7e-m+fp/hard\libc_nano.a
LOAD c:/st/stm32cubeide_1.10.1/stm32cubeide/plugins/com.st.stm32cube.ide.mcu.externaltools.gnu-tools-for-stm32.10.3-2021.10.win32_1.0.0.202111181127/tools/bin/../lib/gcc/arm-none-eabi/10.3.1/../../../../arm-none-eabi/lib/thumb/v7e-m+fp/hard\libnosys.a
END GROUP
LOAD c:/st/stm32cubeide_1.10.1/stm32cubeide/plugins/com.st.stm32cube.ide.mcu.externaltools.gnu-tools-for-stm32.10.3-2021.10.win32_1.0.0.202111181127/tools/bin/../lib/gcc/arm-none-eabi/10.3.1/thumb/v7e-m+fp/hard/crtend.o
LOAD c:/st/stm32cubeide_1.10.1/stm32cubeide/plugins/com.st.stm32cube.ide.mcu.externaltools.gnu-tools-for-stm32.10.3-2021.10.win32_1.0.0.202111181127/tools/bin/../lib/gcc/arm-none-eabi/10.3.1/thumb/v7e-m+fp/hard/crtn.o
                0x0000000020020000                _estack = (ORIGIN (RAM) + LENGTH (RAM))
                0x0000000000000200                _Min_Heap_Size = 0x200
                0x0000000000000400                _Min_Stack_Size = 0x400

.isr_vector     0x0000000008000000      0x198
                0x0000000008000000                . = ALIGN (0x4)
 *(.isr_vector)
 .isr_vector    0x0000000008000000      0x198 ./Core/Startup/startup_stm32f411vetx.o
                0x0000000008000000                g_pfnVectors
                0x0000000008000198                . = ALIGN (0x4)

.text           0x00000000080001a0     0x85f8
                0x00000000080001a0                . = ALIGN (0x4)
 *(.text)
 .text          0x00000000080001a0       0x40 c:/st/stm32cubeide_1.10.1/stm32cubeide/plugins/com.st.stm32cube.ide.mcu.externaltools.gnu-tools-for-stm32.10.3-2021.10.win32_1.0.0.202111181127/tools/bin/../lib/gcc/arm-none-eabi/10.3.1/thumb/v7e-m+fp/hard/crtbegin.o
 .text          0x00000000080001e0       0xa0 c:/st/stm32cubeide_1.10.1/stm32cubeide/plugins/com.st.stm32cube.ide.mcu.externaltools.gnu-tools-for-stm32.10.3-2021.10.win32_1.0.0.202111181127/tools/bin/../lib/gcc/arm-none-eabi/10.3.1/../../../../arm-none-eabi/lib/thumb/v7e-m+fp/hard\libc_nano.a(lib_a-memchr.o)
                0x00000000080001e0                memchr
 .text          0x0000000008000280      0x378 c:/st/stm32cubeide_1.10.1/stm32cubeide/plugins/com.st.stm32cube.ide.mcu.externaltools.gnu-tools-for-stm32.10.3-2021.10.win32_1.0.0.202111181127/tools/bin/../lib/gcc/arm-none-eabi/10.3.1/thumb/v7e-m+fp/hard\libgcc.a(_arm_addsubdf3.o)
                0x0000000008000280                __aeabi_drsub
                0x0000000008000288                __aeabi_dsub
                0x0000000008000288                __subdf3
                0x000000000800028c                __aeabi_dadd
                0x000000000800028c                __adddf3
                0x0000000008000504                __floatunsidf
                0x0000000008000504                __aeabi_ui2d
                0x0000000008000524                __floatsidf
                0x0000000008000524                __aeabi_i2d
                0x0000000008000548                __aeabi_f2d
                0x0000000008000548                __extendsfdf2
                0x000000000800058c                __floatundidf
                0x000000000800058c                __aeabi_ul2d
                0x000000000800059c                __floatdidf
                0x000000000800059c                __aeabi_l2d
 .text          0x00000000080005f8      0x424 c:/st/stm32cubeide_1.10.1/stm32cubeide/plugins/com.st.stm32cube.ide.mcu.externaltools.gnu-tools-for-stm32.10.3-2021.10.win32_1.0.0.202111181127/tools/bin/../lib/gcc/arm-none-eabi/10.3.1/thumb/v7e-m+fp/hard\libgcc.a(_arm_muldivdf3.o)
                0x00000000080005f8                __aeabi_dmul
                0x00000000080005f8                __muldf3
                0x000000000800084c                __divdf3
                0x000000000800084c                __aeabi_ddiv
 .text          0x0000000008000a1c       0xa0 c:/st/stm32cubeide_1.10.1/stm32cubeide/plugins/com.st.stm32cube.ide.mcu.externaltools.gnu-tools-for-stm32.10.3-2021.10.win32_1.0.0.202111181127/tools/bin/../lib/gcc/arm-none-eabi/10.3.1/thumb/v7e-m+fp/hard\libgcc.a(_arm_truncdfsf2.o)
                0x0000000008000a1c                __truncdfsf2
                0x0000000008000a1c                __aeabi_d2f
 .text          0x0000000008000abc       0x30 c:/st/stm32cubeide_1.10.1/stm32cubeide/plugins/com.st.stm32cube.ide.mcu.externaltools.gnu-tools-for-stm32.10.3-2021.10.win32_1.0.0.202111181127/tools/bin/../lib/gcc/arm-none-eabi/10.3.1/thumb/v7e-m+fp/hard\libgcc.a(_aeabi_uldivmod.o)
                0x0000000008000abc                __aeabi_uldivmod
 .text          0x0000000008000aec      0x2d0 c:/st/stm32cubeide_1.10.1/stm32cubeide/plugins/com.st.stm32cube.ide.mcu.externaltools.gnu-tools-for-stm32.10.3-2021.10.win32_1.0.0.202111181127/tools/bin/../lib/gcc/arm-none-eabi/10.3.1/thumb/v7e-m+fp/hard\libgcc.a(_udivmoddi4.o)
                0x0000000008000aec                __udivmoddi4
 .text          0x0000000008000dbc        0x4 c:/st/stm32cubeide_1.10.1/stm32cubeide/plugins/com.st.stm32cube.ide.mcu.externaltools.gnu-tools-for-stm32.10.3-2021.10.win32_1.0.0.202111181127/tools/bin/../lib/gcc/arm-none-eabi/10.3.1/thumb/v7e-m+fp/hard\libgcc.a(_dvmd_tls.o)
                0x0000000008000dbc                __aeabi_idiv0
                0x0000000008000dbc                __aeabi_ldiv0
 *(.text*)
 .text.microDelay
                0x0000000008000dc0       0x34 ./Core/Src/dht11.o
                0x0000000008000dc0                microDelay
 .text.DHT11_Start
                0x0000000008000df4       0xf0 ./Core/Src/dht11.o
                0x0000000008000df4                DHT11_Start
 .text.DHT11_Read
                0x0000000008000ee4       0xf8 ./Core/Src/dht11.o
                0x0000000008000ee4                DHT11_Read
 .text.fan_control_dht
                0x0000000008000fdc      0x364 ./Core/Src/dht11.o
                0x0000000008000fdc                fan_control_dht
 .text.ldr_pwm  0x0000000008001340       0x84 ./Core/Src/ldr.o
                0x0000000008001340                ldr_pwm
 .text.ldr_off  0x00000000080013c4       0x18 ./Core/Src/ldr.o
                0x00000000080013c4                ldr_off
 .text.ldr_on   0x00000000080013dc       0x1c ./Core/Src/ldr.o
                0x00000000080013dc                ldr_on
 .text.ldr_sleep
                0x00000000080013f8       0xa4 ./Core/Src/ldr.o
                0x00000000080013f8                ldr_sleep
 .text.mood_system
                0x000000000800149c      0x78c ./Core/Src/main.o
                0x000000000800149c                mood_system
 .text.HAL_UART_RxCpltCallback
                0x0000000008001c28       0x60 ./Core/Src/main.o
                0x0000000008001c28                HAL_UART_RxCpltCallback
 .text.main     0x0000000008001c88      0x1ac ./Core/Src/main.o
                0x0000000008001c88                main
 .text.SystemClock_Config
                0x0000000008001e34       0xd4 ./Core/Src/main.o
                0x0000000008001e34                SystemClock_Config
 .text.MX_ADC1_Init
                0x0000000008001f08       0xa4 ./Core/Src/main.o
 .text.MX_I2C1_Init
                0x0000000008001fac       0x5c ./Core/Src/main.o
 .text.MX_RTC_Init
                0x0000000008002008       0xc8 ./Core/Src/main.o
 .text.MX_TIM1_Init
                0x00000000080020d0       0xa0 ./Core/Src/main.o
 .text.MX_TIM2_Init
                0x0000000008002170       0x9c ./Core/Src/main.o
 .text.MX_TIM3_Init
                0x000000000800220c       0x9c ./Core/Src/main.o
 .text.MX_TIM4_Init
                0x00000000080022a8       0xec ./Core/Src/main.o
 .text.MX_TIM5_Init
                0x0000000008002394       0xec ./Core/Src/main.o
 .text.MX_USART2_UART_Init
                0x0000000008002480       0x54 ./Core/Src/main.o
 .text.MX_GPIO_Init
                0x00000000080024d4      0x140 ./Core/Src/main.o
 .text.Error_Handler
                0x0000000008002614        0xa ./Core/Src/main.o
                0x0000000008002614                Error_Handler
 .text.OLED_DrawBitmap
                0x000000000800261e       0xd0 ./Core/Src/ssd1306.o
                0x000000000800261e                OLED_DrawBitmap
 *fill*         0x00000000080026ee        0x2 
 .text.OLED_Init
                0x00000000080026f0      0x17c ./Core/Src/ssd1306.o
                0x00000000080026f0                OLED_Init
 .text.OLED_UpdateScreen
                0x000000000800286c       0x5c ./Core/Src/ssd1306.o
                0x000000000800286c                OLED_UpdateScreen
 .text.OLED_Fill
                0x00000000080028c8       0x30 ./Core/Src/ssd1306.o
                0x00000000080028c8                OLED_Fill
 .text.OLED_DrawPixel
                0x00000000080028f8       0xc0 ./Core/Src/ssd1306.o
                0x00000000080028f8                OLED_DrawPixel
 .text.OLED_GotoXY
                0x00000000080029b8       0x2c ./Core/Src/ssd1306.o
                0x00000000080029b8                OLED_GotoXY
 .text.OLED_Putc
                0x00000000080029e4      0x100 ./Core/Src/ssd1306.o
                0x00000000080029e4                OLED_Putc
 .text.OLED_Puts
                0x0000000008002ae4       0x4a ./Core/Src/ssd1306.o
                0x0000000008002ae4                OLED_Puts
 .text.OLED_Clear
                0x0000000008002b2e       0x12 ./Core/Src/ssd1306.o
                0x0000000008002b2e                OLED_Clear
 .text.OLED_I2C_Init
                0x0000000008002b40       0x2c ./Core/Src/ssd1306.o
                0x0000000008002b40                OLED_I2C_Init
 .text.OLED_I2C_WriteMulti
                0x0000000008002b6c       0xcc ./Core/Src/ssd1306.o
                0x0000000008002b6c                OLED_I2C_WriteMulti
 .text.OLED_I2C_Write
                0x0000000008002c38       0x3c ./Core/Src/ssd1306.o
                0x0000000008002c38                OLED_I2C_Write
 .text.HAL_MspInit
                0x0000000008002c74       0x50 ./Core/Src/stm32f4xx_hal_msp.o
                0x0000000008002c74                HAL_MspInit
 .text.HAL_ADC_MspInit
                0x0000000008002cc4       0x88 ./Core/Src/stm32f4xx_hal_msp.o
                0x0000000008002cc4                HAL_ADC_MspInit
 .text.HAL_I2C_MspInit
                0x0000000008002d4c       0x90 ./Core/Src/stm32f4xx_hal_msp.o
                0x0000000008002d4c                HAL_I2C_MspInit
 .text.HAL_RTC_MspInit
                0x0000000008002ddc       0x68 ./Core/Src/stm32f4xx_hal_msp.o
                0x0000000008002ddc                HAL_RTC_MspInit
 .text.HAL_TIM_Base_MspInit
                0x0000000008002e44       0xfc ./Core/Src/stm32f4xx_hal_msp.o
                0x0000000008002e44                HAL_TIM_Base_MspInit
 .text.HAL_TIM_MspPostInit
                0x0000000008002f40       0xc4 ./Core/Src/stm32f4xx_hal_msp.o
                0x0000000008002f40                HAL_TIM_MspPostInit
 .text.HAL_UART_MspInit
                0x0000000008003004       0xc0 ./Core/Src/stm32f4xx_hal_msp.o
                0x0000000008003004                HAL_UART_MspInit
 .text.NMI_Handler
                0x00000000080030c4        0x6 ./Core/Src/stm32f4xx_it.o
                0x00000000080030c4                NMI_Handler
 .text.HardFault_Handler
                0x00000000080030ca        0x6 ./Core/Src/stm32f4xx_it.o
                0x00000000080030ca                HardFault_Handler
 .text.MemManage_Handler
                0x00000000080030d0        0x6 ./Core/Src/stm32f4xx_it.o
                0x00000000080030d0                MemManage_Handler
 .text.BusFault_Handler
                0x00000000080030d6        0x6 ./Core/Src/stm32f4xx_it.o
                0x00000000080030d6                BusFault_Handler
 .text.UsageFault_Handler
                0x00000000080030dc        0x6 ./Core/Src/stm32f4xx_it.o
                0x00000000080030dc                UsageFault_Handler
 .text.SVC_Handler
                0x00000000080030e2        0xe ./Core/Src/stm32f4xx_it.o
                0x00000000080030e2                SVC_Handler
 .text.DebugMon_Handler
                0x00000000080030f0        0xe ./Core/Src/stm32f4xx_it.o
                0x00000000080030f0                DebugMon_Handler
 .text.PendSV_Handler
                0x00000000080030fe        0xe ./Core/Src/stm32f4xx_it.o
                0x00000000080030fe                PendSV_Handler
 .text.SysTick_Handler
                0x000000000800310c        0xc ./Core/Src/stm32f4xx_it.o
                0x000000000800310c                SysTick_Handler
 .text.RTC_WKUP_IRQHandler
                0x0000000008003118       0x18 ./Core/Src/stm32f4xx_it.o
                0x0000000008003118                RTC_WKUP_IRQHandler
 .text.TIM2_IRQHandler
                0x0000000008003130       0x14 ./Core/Src/stm32f4xx_it.o
                0x0000000008003130                TIM2_IRQHandler
 .text.USART2_IRQHandler
                0x0000000008003144       0x14 ./Core/Src/stm32f4xx_it.o
                0x0000000008003144                USART2_IRQHandler
 .text._sbrk    0x0000000008003158       0x6c ./Core/Src/sysmem.o
                0x0000000008003158                _sbrk
 .text.SystemInit
                0x00000000080031c4       0x24 ./Core/Src/system_stm32f4xx.o
                0x00000000080031c4                SystemInit
 .text.Reset_Handler
                0x00000000080031e8       0x50 ./Core/Startup/startup_stm32f411vetx.o
                0x00000000080031e8                Reset_Handler
 .text.Default_Handler
                0x0000000008003238        0x2 ./Core/Startup/startup_stm32f411vetx.o
                0x0000000008003238                RTC_Alarm_IRQHandler
                0x0000000008003238                EXTI2_IRQHandler
                0x0000000008003238                SPI4_IRQHandler
                0x0000000008003238                TIM1_CC_IRQHandler
                0x0000000008003238                DMA2_Stream5_IRQHandler
                0x0000000008003238                DMA1_Stream5_IRQHandler
                0x0000000008003238                PVD_IRQHandler
                0x0000000008003238                SDIO_IRQHandler
                0x0000000008003238                TAMP_STAMP_IRQHandler
                0x0000000008003238                EXTI3_IRQHandler
                0x0000000008003238                TIM1_UP_TIM10_IRQHandler
                0x0000000008003238                I2C3_ER_IRQHandler
                0x0000000008003238                EXTI0_IRQHandler
                0x0000000008003238                I2C2_EV_IRQHandler
                0x0000000008003238                DMA1_Stream2_IRQHandler
                0x0000000008003238                FPU_IRQHandler
                0x0000000008003238                DMA2_Stream2_IRQHandler
                0x0000000008003238                SPI1_IRQHandler
                0x0000000008003238                TIM1_BRK_TIM9_IRQHandler
                0x0000000008003238                DMA2_Stream3_IRQHandler
                0x0000000008003238                USART6_IRQHandler
                0x0000000008003238                DMA2_Stream0_IRQHandler
                0x0000000008003238                TIM4_IRQHandler
                0x0000000008003238                I2C1_EV_IRQHandler
                0x0000000008003238                DMA1_Stream6_IRQHandler
                0x0000000008003238                DMA1_Stream1_IRQHandler
                0x0000000008003238                TIM3_IRQHandler
                0x0000000008003238                RCC_IRQHandler
                0x0000000008003238                Default_Handler
                0x0000000008003238                EXTI15_10_IRQHandler
                0x0000000008003238                ADC_IRQHandler
                0x0000000008003238                DMA1_Stream7_IRQHandler
                0x0000000008003238                SPI5_IRQHandler
                0x0000000008003238                TIM5_IRQHandler
                0x0000000008003238                DMA2_Stream7_IRQHandler
                0x0000000008003238                I2C3_EV_IRQHandler
                0x0000000008003238                EXTI9_5_IRQHandler
                0x0000000008003238                SPI2_IRQHandler
                0x0000000008003238                DMA1_Stream0_IRQHandler
                0x0000000008003238                EXTI4_IRQHandler
                0x0000000008003238                WWDG_IRQHandler
                0x0000000008003238                OTG_FS_WKUP_IRQHandler
                0x0000000008003238                TIM1_TRG_COM_TIM11_IRQHandler
                0x0000000008003238                EXTI1_IRQHandler
                0x0000000008003238                I2C2_ER_IRQHandler
                0x0000000008003238                DMA2_Stream1_IRQHandler
                0x0000000008003238                FLASH_IRQHandler
                0x0000000008003238                DMA2_Stream4_IRQHandler
                0x0000000008003238                USART1_IRQHandler
                0x0000000008003238                OTG_FS_IRQHandler
                0x0000000008003238                SPI3_IRQHandler
                0x0000000008003238                DMA1_Stream4_IRQHandler
                0x0000000008003238                I2C1_ER_IRQHandler
                0x0000000008003238                DMA2_Stream6_IRQHandler
                0x0000000008003238                DMA1_Stream3_IRQHandler
 *fill*         0x000000000800323a        0x2 
 .text.HAL_Init
                0x000000000800323c       0x44 ./Drivers/STM32F4xx_HAL_Driver/Src/stm32f4xx_hal.o
                0x000000000800323c                HAL_Init
 .text.HAL_InitTick
                0x0000000008003280       0x60 ./Drivers/STM32F4xx_HAL_Driver/Src/stm32f4xx_hal.o
                0x0000000008003280                HAL_InitTick
 .text.HAL_IncTick
                0x00000000080032e0       0x28 ./Drivers/STM32F4xx_HAL_Driver/Src/stm32f4xx_hal.o
                0x00000000080032e0                HAL_IncTick
 .text.HAL_GetTick
                0x0000000008003308       0x18 ./Drivers/STM32F4xx_HAL_Driver/Src/stm32f4xx_hal.o
                0x0000000008003308                HAL_GetTick
 .text.HAL_Delay
                0x0000000008003320       0x48 ./Drivers/STM32F4xx_HAL_Driver/Src/stm32f4xx_hal.o
                0x0000000008003320                HAL_Delay
 .text.HAL_SuspendTick
                0x0000000008003368       0x20 ./Drivers/STM32F4xx_HAL_Driver/Src/stm32f4xx_hal.o
                0x0000000008003368                HAL_SuspendTick
 .text.HAL_ResumeTick
                0x0000000008003388       0x20 ./Drivers/STM32F4xx_HAL_Driver/Src/stm32f4xx_hal.o
                0x0000000008003388                HAL_ResumeTick
 .text.HAL_ADC_Init
                0x00000000080033a8       0x86 ./Drivers/STM32F4xx_HAL_Driver/Src/stm32f4xx_hal_adc.o
                0x00000000080033a8                HAL_ADC_Init
 *fill*         0x000000000800342e        0x2 
 .text.HAL_ADC_Start
                0x0000000008003430      0x168 ./Drivers/STM32F4xx_HAL_Driver/Src/stm32f4xx_hal_adc.o
                0x0000000008003430                HAL_ADC_Start
 .text.HAL_ADC_PollForConversion
                0x0000000008003598      0x116 ./Drivers/STM32F4xx_HAL_Driver/Src/stm32f4xx_hal_adc.o
                0x0000000008003598                HAL_ADC_PollForConversion
 .text.HAL_ADC_GetValue
                0x00000000080036ae       0x1a ./Drivers/STM32F4xx_HAL_Driver/Src/stm32f4xx_hal_adc.o
                0x00000000080036ae                HAL_ADC_GetValue
 .text.HAL_ADC_ConfigChannel
                0x00000000080036c8      0x264 ./Drivers/STM32F4xx_HAL_Driver/Src/stm32f4xx_hal_adc.o
                0x00000000080036c8                HAL_ADC_ConfigChannel
 .text.ADC_Init
                0x000000000800392c      0x1f8 ./Drivers/STM32F4xx_HAL_Driver/Src/stm32f4xx_hal_adc.o
 .text.__NVIC_SetPriorityGrouping
                0x0000000008003b24       0x48 ./Drivers/STM32F4xx_HAL_Driver/Src/stm32f4xx_hal_cortex.o
 .text.__NVIC_GetPriorityGrouping
                0x0000000008003b6c       0x1c ./Drivers/STM32F4xx_HAL_Driver/Src/stm32f4xx_hal_cortex.o
 .text.__NVIC_EnableIRQ
                0x0000000008003b88       0x3c ./Drivers/STM32F4xx_HAL_Driver/Src/stm32f4xx_hal_cortex.o
 .text.__NVIC_SetPriority
                0x0000000008003bc4       0x54 ./Drivers/STM32F4xx_HAL_Driver/Src/stm32f4xx_hal_cortex.o
 .text.NVIC_EncodePriority
                0x0000000008003c18       0x66 ./Drivers/STM32F4xx_HAL_Driver/Src/stm32f4xx_hal_cortex.o
 *fill*         0x0000000008003c7e        0x2 
 .text.SysTick_Config
                0x0000000008003c80       0x44 ./Drivers/STM32F4xx_HAL_Driver/Src/stm32f4xx_hal_cortex.o
 .text.HAL_NVIC_SetPriorityGrouping
                0x0000000008003cc4       0x16 ./Drivers/STM32F4xx_HAL_Driver/Src/stm32f4xx_hal_cortex.o
                0x0000000008003cc4                HAL_NVIC_SetPriorityGrouping
 .text.HAL_NVIC_SetPriority
                0x0000000008003cda       0x38 ./Drivers/STM32F4xx_HAL_Driver/Src/stm32f4xx_hal_cortex.o
                0x0000000008003cda                HAL_NVIC_SetPriority
 .text.HAL_NVIC_EnableIRQ
                0x0000000008003d12       0x1c ./Drivers/STM32F4xx_HAL_Driver/Src/stm32f4xx_hal_cortex.o
                0x0000000008003d12                HAL_NVIC_EnableIRQ
 .text.HAL_SYSTICK_Config
                0x0000000008003d2e       0x18 ./Drivers/STM32F4xx_HAL_Driver/Src/stm32f4xx_hal_cortex.o
                0x0000000008003d2e                HAL_SYSTICK_Config
 .text.HAL_DMA_Abort
                0x0000000008003d46       0xe0 ./Drivers/STM32F4xx_HAL_Driver/Src/stm32f4xx_hal_dma.o
                0x0000000008003d46                HAL_DMA_Abort
 .text.HAL_DMA_Abort_IT
                0x0000000008003e26       0x44 ./Drivers/STM32F4xx_HAL_Driver/Src/stm32f4xx_hal_dma.o
                0x0000000008003e26                HAL_DMA_Abort_IT
 *fill*         0x0000000008003e6a        0x2 
 .text.HAL_GPIO_Init
                0x0000000008003e6c      0x308 ./Drivers/STM32F4xx_HAL_Driver/Src/stm32f4xx_hal_gpio.o
                0x0000000008003e6c                HAL_GPIO_Init
 .text.HAL_GPIO_ReadPin
                0x0000000008004174       0x30 ./Drivers/STM32F4xx_HAL_Driver/Src/stm32f4xx_hal_gpio.o
                0x0000000008004174                HAL_GPIO_ReadPin
 .text.HAL_GPIO_WritePin
                0x00000000080041a4       0x32 ./Drivers/STM32F4xx_HAL_Driver/Src/stm32f4xx_hal_gpio.o
                0x00000000080041a4                HAL_GPIO_WritePin
 .text.HAL_GPIO_TogglePin
                0x00000000080041d6       0x34 ./Drivers/STM32F4xx_HAL_Driver/Src/stm32f4xx_hal_gpio.o
                0x00000000080041d6                HAL_GPIO_TogglePin
 *fill*         0x000000000800420a        0x2 
 .text.HAL_I2C_Init
                0x000000000800420c      0x288 ./Drivers/STM32F4xx_HAL_Driver/Src/stm32f4xx_hal_i2c.o
                0x000000000800420c                HAL_I2C_Init
 .text.HAL_I2C_Master_Transmit
                0x0000000008004494      0x1fc ./Drivers/STM32F4xx_HAL_Driver/Src/stm32f4xx_hal_i2c.o
                0x0000000008004494                HAL_I2C_Master_Transmit
 .text.HAL_I2C_IsDeviceReady
                0x0000000008004690      0x25c ./Drivers/STM32F4xx_HAL_Driver/Src/stm32f4xx_hal_i2c.o
                0x0000000008004690                HAL_I2C_IsDeviceReady
 .text.I2C_MasterRequestWrite
                0x00000000080048ec      0x104 ./Drivers/STM32F4xx_HAL_Driver/Src/stm32f4xx_hal_i2c.o
 .text.I2C_WaitOnFlagUntilTimeout
                0x00000000080049f0       0xae ./Drivers/STM32F4xx_HAL_Driver/Src/stm32f4xx_hal_i2c.o
 .text.I2C_WaitOnMasterAddressFlagUntilTimeout
                0x0000000008004a9e       0xfe ./Drivers/STM32F4xx_HAL_Driver/Src/stm32f4xx_hal_i2c.o
 .text.I2C_WaitOnTXEFlagUntilTimeout
                0x0000000008004b9c       0x82 ./Drivers/STM32F4xx_HAL_Driver/Src/stm32f4xx_hal_i2c.o
 .text.I2C_WaitOnBTFFlagUntilTimeout
                0x0000000008004c1e       0x82 ./Drivers/STM32F4xx_HAL_Driver/Src/stm32f4xx_hal_i2c.o
 .text.I2C_IsAcknowledgeFailed
                0x0000000008004ca0       0x5e ./Drivers/STM32F4xx_HAL_Driver/Src/stm32f4xx_hal_i2c.o
 *fill*         0x0000000008004cfe        0x2 
 .text.HAL_PWR_EnterSLEEPMode
                0x0000000008004d00       0x38 ./Drivers/STM32F4xx_HAL_Driver/Src/stm32f4xx_hal_pwr.o
                0x0000000008004d00                HAL_PWR_EnterSLEEPMode
 .text.HAL_PWR_EnableSleepOnExit
                0x0000000008004d38       0x20 ./Drivers/STM32F4xx_HAL_Driver/Src/stm32f4xx_hal_pwr.o
                0x0000000008004d38                HAL_PWR_EnableSleepOnExit
 .text.HAL_PWR_DisableSleepOnExit
                0x0000000008004d58       0x20 ./Drivers/STM32F4xx_HAL_Driver/Src/stm32f4xx_hal_pwr.o
                0x0000000008004d58                HAL_PWR_DisableSleepOnExit
 .text.HAL_RCC_OscConfig
                0x0000000008004d78      0x4f0 ./Drivers/STM32F4xx_HAL_Driver/Src/stm32f4xx_hal_rcc.o
                0x0000000008004d78                HAL_RCC_OscConfig
 .text.HAL_RCC_ClockConfig
                0x0000000008005268      0x1cc ./Drivers/STM32F4xx_HAL_Driver/Src/stm32f4xx_hal_rcc.o
                0x0000000008005268                HAL_RCC_ClockConfig
 .text.HAL_RCC_GetSysClockFreq
                0x0000000008005434      0x18c ./Drivers/STM32F4xx_HAL_Driver/Src/stm32f4xx_hal_rcc.o
                0x0000000008005434                HAL_RCC_GetSysClockFreq
 .text.HAL_RCC_GetHCLKFreq
                0x00000000080055c0       0x18 ./Drivers/STM32F4xx_HAL_Driver/Src/stm32f4xx_hal_rcc.o
                0x00000000080055c0                HAL_RCC_GetHCLKFreq
 .text.HAL_RCC_GetPCLK1Freq
                0x00000000080055d8       0x28 ./Drivers/STM32F4xx_HAL_Driver/Src/stm32f4xx_hal_rcc.o
                0x00000000080055d8                HAL_RCC_GetPCLK1Freq
 .text.HAL_RCC_GetPCLK2Freq
                0x0000000008005600       0x28 ./Drivers/STM32F4xx_HAL_Driver/Src/stm32f4xx_hal_rcc.o
                0x0000000008005600                HAL_RCC_GetPCLK2Freq
 .text.HAL_RCCEx_PeriphCLKConfig
                0x0000000008005628      0x1e0 ./Drivers/STM32F4xx_HAL_Driver/Src/stm32f4xx_hal_rcc_ex.o
                0x0000000008005628                HAL_RCCEx_PeriphCLKConfig
 .text.HAL_RTC_Init
                0x0000000008005808       0xec ./Drivers/STM32F4xx_HAL_Driver/Src/stm32f4xx_hal_rtc.o
                0x0000000008005808                HAL_RTC_Init
 .text.HAL_RTC_SetTime
                0x00000000080058f4      0x134 ./Drivers/STM32F4xx_HAL_Driver/Src/stm32f4xx_hal_rtc.o
                0x00000000080058f4                HAL_RTC_SetTime
 .text.HAL_RTC_SetDate
                0x0000000008005a28      0x108 ./Drivers/STM32F4xx_HAL_Driver/Src/stm32f4xx_hal_rtc.o
                0x0000000008005a28                HAL_RTC_SetDate
 .text.HAL_RTC_WaitForSynchro
                0x0000000008005b30       0x50 ./Drivers/STM32F4xx_HAL_Driver/Src/stm32f4xx_hal_rtc.o
                0x0000000008005b30                HAL_RTC_WaitForSynchro
 .text.RTC_EnterInitMode
                0x0000000008005b80       0x6e ./Drivers/STM32F4xx_HAL_Driver/Src/stm32f4xx_hal_rtc.o
                0x0000000008005b80                RTC_EnterInitMode
 .text.RTC_ExitInitMode
                0x0000000008005bee       0x4a ./Drivers/STM32F4xx_HAL_Driver/Src/stm32f4xx_hal_rtc.o
                0x0000000008005bee                RTC_ExitInitMode
 .text.RTC_ByteToBcd2
                0x0000000008005c38       0x3a ./Drivers/STM32F4xx_HAL_Driver/Src/stm32f4xx_hal_rtc.o
                0x0000000008005c38                RTC_ByteToBcd2
 *fill*         0x0000000008005c72        0x2 
 .text.HAL_RTCEx_SetWakeUpTimer_IT
                0x0000000008005c74      0x180 ./Drivers/STM32F4xx_HAL_Driver/Src/stm32f4xx_hal_rtc_ex.o
                0x0000000008005c74                HAL_RTCEx_SetWakeUpTimer_IT
 .text.HAL_RTCEx_DeactivateWakeUpTimer
                0x0000000008005df4       0xb0 ./Drivers/STM32F4xx_HAL_Driver/Src/stm32f4xx_hal_rtc_ex.o
                0x0000000008005df4                HAL_RTCEx_DeactivateWakeUpTimer
 .text.HAL_RTCEx_WakeUpTimerIRQHandler
                0x0000000008005ea4       0x48 ./Drivers/STM32F4xx_HAL_Driver/Src/stm32f4xx_hal_rtc_ex.o
                0x0000000008005ea4                HAL_RTCEx_WakeUpTimerIRQHandler
 .text.HAL_RTCEx_WakeUpTimerEventCallback
                0x0000000008005eec       0x14 ./Drivers/STM32F4xx_HAL_Driver/Src/stm32f4xx_hal_rtc_ex.o
                0x0000000008005eec                HAL_RTCEx_WakeUpTimerEventCallback
 .text.HAL_TIM_Base_Init
                0x0000000008005f00       0x9e ./Drivers/STM32F4xx_HAL_Driver/Src/stm32f4xx_hal_tim.o
                0x0000000008005f00                HAL_TIM_Base_Init
 *fill*         0x0000000008005f9e        0x2 
 .text.HAL_TIM_Base_Start
                0x0000000008005fa0       0xb4 ./Drivers/STM32F4xx_HAL_Driver/Src/stm32f4xx_hal_tim.o
                0x0000000008005fa0                HAL_TIM_Base_Start
 .text.HAL_TIM_Base_Start_IT
                0x0000000008006054       0xc4 ./Drivers/STM32F4xx_HAL_Driver/Src/stm32f4xx_hal_tim.o
                0x0000000008006054                HAL_TIM_Base_Start_IT
 .text.HAL_TIM_PWM_Init
                0x0000000008006118       0x9e ./Drivers/STM32F4xx_HAL_Driver/Src/stm32f4xx_hal_tim.o
                0x0000000008006118                HAL_TIM_PWM_Init
 .text.HAL_TIM_PWM_MspInit
                0x00000000080061b6       0x14 ./Drivers/STM32F4xx_HAL_Driver/Src/stm32f4xx_hal_tim.o
                0x00000000080061b6                HAL_TIM_PWM_MspInit
 *fill*         0x00000000080061ca        0x2 
 .text.HAL_TIM_PWM_Start
                0x00000000080061cc      0x160 ./Drivers/STM32F4xx_HAL_Driver/Src/stm32f4xx_hal_tim.o
                0x00000000080061cc                HAL_TIM_PWM_Start
 .text.HAL_TIM_IRQHandler
                0x000000000800632c      0x210 ./Drivers/STM32F4xx_HAL_Driver/Src/stm32f4xx_hal_tim.o
                0x000000000800632c                HAL_TIM_IRQHandler
 .text.HAL_TIM_PWM_ConfigChannel
                0x000000000800653c      0x184 ./Drivers/STM32F4xx_HAL_Driver/Src/stm32f4xx_hal_tim.o
                0x000000000800653c                HAL_TIM_PWM_ConfigChannel
 .text.HAL_TIM_ConfigClockSource
                0x00000000080066c0      0x18e ./Drivers/STM32F4xx_HAL_Driver/Src/stm32f4xx_hal_tim.o
                0x00000000080066c0                HAL_TIM_ConfigClockSource
 .text.HAL_TIM_PeriodElapsedCallback
                0x000000000800684e       0x14 ./Drivers/STM32F4xx_HAL_Driver/Src/stm32f4xx_hal_tim.o
                0x000000000800684e                HAL_TIM_PeriodElapsedCallback
 .text.HAL_TIM_OC_DelayElapsedCallback
                0x0000000008006862       0x14 ./Drivers/STM32F4xx_HAL_Driver/Src/stm32f4xx_hal_tim.o
                0x0000000008006862                HAL_TIM_OC_DelayElapsedCallback
 .text.HAL_TIM_IC_CaptureCallback
                0x0000000008006876       0x14 ./Drivers/STM32F4xx_HAL_Driver/Src/stm32f4xx_hal_tim.o
                0x0000000008006876                HAL_TIM_IC_CaptureCallback
 .text.HAL_TIM_PWM_PulseFinishedCallback
                0x000000000800688a       0x14 ./Drivers/STM32F4xx_HAL_Driver/Src/stm32f4xx_hal_tim.o
                0x000000000800688a                HAL_TIM_PWM_PulseFinishedCallback
 .text.HAL_TIM_TriggerCallback
                0x000000000800689e       0x14 ./Drivers/STM32F4xx_HAL_Driver/Src/stm32f4xx_hal_tim.o
                0x000000000800689e                HAL_TIM_TriggerCallback
 *fill*         0x00000000080068b2        0x2 
 .text.TIM_Base_SetConfig
                0x00000000080068b4      0x100 ./Drivers/STM32F4xx_HAL_Driver/Src/stm32f4xx_hal_tim.o
                0x00000000080068b4                TIM_Base_SetConfig
 .text.TIM_OC1_SetConfig
                0x00000000080069b4       0xcc ./Drivers/STM32F4xx_HAL_Driver/Src/stm32f4xx_hal_tim.o
 .text.TIM_OC2_SetConfig
                0x0000000008006a80       0xd8 ./Drivers/STM32F4xx_HAL_Driver/Src/stm32f4xx_hal_tim.o
                0x0000000008006a80                TIM_OC2_SetConfig
 .text.TIM_OC3_SetConfig
                0x0000000008006b58       0xd4 ./Drivers/STM32F4xx_HAL_Driver/Src/stm32f4xx_hal_tim.o
 .text.TIM_OC4_SetConfig
                0x0000000008006c2c       0xa0 ./Drivers/STM32F4xx_HAL_Driver/Src/stm32f4xx_hal_tim.o
 .text.TIM_TI1_ConfigInputStage
                0x0000000008006ccc       0x5e ./Drivers/STM32F4xx_HAL_Driver/Src/stm32f4xx_hal_tim.o
 .text.TIM_TI2_ConfigInputStage
                0x0000000008006d2a       0x60 ./Drivers/STM32F4xx_HAL_Driver/Src/stm32f4xx_hal_tim.o
 .text.TIM_ITRx_SetConfig
                0x0000000008006d8a       0x36 ./Drivers/STM32F4xx_HAL_Driver/Src/stm32f4xx_hal_tim.o
 .text.TIM_ETR_SetConfig
                0x0000000008006dc0       0x40 ./Drivers/STM32F4xx_HAL_Driver/Src/stm32f4xx_hal_tim.o
                0x0000000008006dc0                TIM_ETR_SetConfig
 .text.TIM_CCxChannelCmd
                0x0000000008006e00       0x4a ./Drivers/STM32F4xx_HAL_Driver/Src/stm32f4xx_hal_tim.o
                0x0000000008006e00                TIM_CCxChannelCmd
 *fill*         0x0000000008006e4a        0x2 
 .text.HAL_TIMEx_MasterConfigSynchronization
                0x0000000008006e4c       0xdc ./Drivers/STM32F4xx_HAL_Driver/Src/stm32f4xx_hal_tim_ex.o
                0x0000000008006e4c                HAL_TIMEx_MasterConfigSynchronization
 .text.HAL_TIMEx_CommutCallback
                0x0000000008006f28       0x14 ./Drivers/STM32F4xx_HAL_Driver/Src/stm32f4xx_hal_tim_ex.o
                0x0000000008006f28                HAL_TIMEx_CommutCallback
 .text.HAL_TIMEx_BreakCallback
                0x0000000008006f3c       0x14 ./Drivers/STM32F4xx_HAL_Driver/Src/stm32f4xx_hal_tim_ex.o
                0x0000000008006f3c                HAL_TIMEx_BreakCallback
 .text.HAL_UART_Init
                0x0000000008006f50       0x9a ./Drivers/STM32F4xx_HAL_Driver/Src/stm32f4xx_hal_uart.o
                0x0000000008006f50                HAL_UART_Init
 .text.HAL_UART_Receive_IT
                0x0000000008006fea       0x60 ./Drivers/STM32F4xx_HAL_Driver/Src/stm32f4xx_hal_uart.o
                0x0000000008006fea                HAL_UART_Receive_IT
 *fill*         0x000000000800704a        0x2 
 .text.HAL_UART_IRQHandler
                0x000000000800704c      0x51c ./Drivers/STM32F4xx_HAL_Driver/Src/stm32f4xx_hal_uart.o
                0x000000000800704c                HAL_UART_IRQHandler
 .text.HAL_UART_TxCpltCallback
                0x0000000008007568       0x14 ./Drivers/STM32F4xx_HAL_Driver/Src/stm32f4xx_hal_uart.o
                0x0000000008007568                HAL_UART_TxCpltCallback
 .text.HAL_UART_ErrorCallback
                0x000000000800757c       0x14 ./Drivers/STM32F4xx_HAL_Driver/Src/stm32f4xx_hal_uart.o
                0x000000000800757c                HAL_UART_ErrorCallback
 .text.HAL_UARTEx_RxEventCallback
                0x0000000008007590       0x18 ./Drivers/STM32F4xx_HAL_Driver/Src/stm32f4xx_hal_uart.o
                0x0000000008007590                HAL_UARTEx_RxEventCallback
 .text.UART_Start_Receive_IT
                0x00000000080075a8       0x7c ./Drivers/STM32F4xx_HAL_Driver/Src/stm32f4xx_hal_uart.o
                0x00000000080075a8                UART_Start_Receive_IT
 .text.UART_EndRxTransfer
                0x0000000008007624       0xc6 ./Drivers/STM32F4xx_HAL_Driver/Src/stm32f4xx_hal_uart.o
 .text.UART_DMAAbortOnError
                0x00000000080076ea       0x28 ./Drivers/STM32F4xx_HAL_Driver/Src/stm32f4xx_hal_uart.o
 .text.UART_Transmit_IT
                0x0000000008007712       0xa0 ./Drivers/STM32F4xx_HAL_Driver/Src/stm32f4xx_hal_uart.o
 .text.UART_EndTransmit_IT
                0x00000000080077b2       0x30 ./Drivers/STM32F4xx_HAL_Driver/Src/stm32f4xx_hal_uart.o
 .text.UART_Receive_IT
                0x00000000080077e2      0x176 ./Drivers/STM32F4xx_HAL_Driver/Src/stm32f4xx_hal_uart.o
 .text.UART_SetConfig
                0x0000000008007958      0x4e8 ./Drivers/STM32F4xx_HAL_Driver/Src/stm32f4xx_hal_uart.o
 .text.__errno  0x0000000008007e40        0xc c:/st/stm32cubeide_1.10.1/stm32cubeide/plugins/com.st.stm32cube.ide.mcu.externaltools.gnu-tools-for-stm32.10.3-2021.10.win32_1.0.0.202111181127/tools/bin/../lib/gcc/arm-none-eabi/10.3.1/../../../../arm-none-eabi/lib/thumb/v7e-m+fp/hard\libc_nano.a(lib_a-errno.o)
                0x0000000008007e40                __errno
 .text.__libc_init_array
                0x0000000008007e4c       0x48 c:/st/stm32cubeide_1.10.1/stm32cubeide/plugins/com.st.stm32cube.ide.mcu.externaltools.gnu-tools-for-stm32.10.3-2021.10.win32_1.0.0.202111181127/tools/bin/../lib/gcc/arm-none-eabi/10.3.1/../../../../arm-none-eabi/lib/thumb/v7e-m+fp/hard\libc_nano.a(lib_a-init.o)
                0x0000000008007e4c                __libc_init_array
 .text.memset   0x0000000008007e94       0x10 c:/st/stm32cubeide_1.10.1/stm32cubeide/plugins/com.st.stm32cube.ide.mcu.externaltools.gnu-tools-for-stm32.10.3-2021.10.win32_1.0.0.202111181127/tools/bin/../lib/gcc/arm-none-eabi/10.3.1/../../../../arm-none-eabi/lib/thumb/v7e-m+fp/hard\libc_nano.a(lib_a-memset.o)
                0x0000000008007e94                memset
 .text.sprintf  0x0000000008007ea4       0x40 c:/st/stm32cubeide_1.10.1/stm32cubeide/plugins/com.st.stm32cube.ide.mcu.externaltools.gnu-tools-for-stm32.10.3-2021.10.win32_1.0.0.202111181127/tools/bin/../lib/gcc/arm-none-eabi/10.3.1/../../../../arm-none-eabi/lib/thumb/v7e-m+fp/hard\libc_nano.a(lib_a-sprintf.o)
                0x0000000008007ea4                siprintf
                0x0000000008007ea4                sprintf
 .text.__ssputs_r
                0x0000000008007ee4       0xb6 c:/st/stm32cubeide_1.10.1/stm32cubeide/plugins/com.st.stm32cube.ide.mcu.externaltools.gnu-tools-for-stm32.10.3-2021.10.win32_1.0.0.202111181127/tools/bin/../lib/gcc/arm-none-eabi/10.3.1/../../../../arm-none-eabi/lib/thumb/v7e-m+fp/hard\libc_nano.a(lib_a-nano-svfprintf.o)
                0x0000000008007ee4                __ssputs_r
 *fill*         0x0000000008007f9a        0x2 
 .text._svfprintf_r
                0x0000000008007f9c      0x200 c:/st/stm32cubeide_1.10.1/stm32cubeide/plugins/com.st.stm32cube.ide.mcu.externaltools.gnu-tools-for-stm32.10.3-2021.10.win32_1.0.0.202111181127/tools/bin/../lib/gcc/arm-none-eabi/10.3.1/../../../../arm-none-eabi/lib/thumb/v7e-m+fp/hard\libc_nano.a(lib_a-nano-svfprintf.o)
                0x0000000008007f9c                _svfiprintf_r
                0x0000000008007f9c                _svfprintf_r
 .text._printf_common
                0x000000000800819c       0xda c:/st/stm32cubeide_1.10.1/stm32cubeide/plugins/com.st.stm32cube.ide.mcu.externaltools.gnu-tools-for-stm32.10.3-2021.10.win32_1.0.0.202111181127/tools/bin/../lib/gcc/arm-none-eabi/10.3.1/../../../../arm-none-eabi/lib/thumb/v7e-m+fp/hard\libc_nano.a(lib_a-nano-vfprintf_i.o)
                0x000000000800819c                _printf_common
 *fill*         0x0000000008008276        0x2 
 .text._printf_i
                0x0000000008008278      0x24c c:/st/stm32cubeide_1.10.1/stm32cubeide/plugins/com.st.stm32cube.ide.mcu.externaltools.gnu-tools-for-stm32.10.3-2021.10.win32_1.0.0.202111181127/tools/bin/../lib/gcc/arm-none-eabi/10.3.1/../../../../arm-none-eabi/lib/thumb/v7e-m+fp/hard\libc_nano.a(lib_a-nano-vfprintf_i.o)
                0x0000000008008278                _printf_i
 .text.memcpy   0x00000000080084c4       0x1c c:/st/stm32cubeide_1.10.1/stm32cubeide/plugins/com.st.stm32cube.ide.mcu.externaltools.gnu-tools-for-stm32.10.3-2021.10.win32_1.0.0.202111181127/tools/bin/../lib/gcc/arm-none-eabi/10.3.1/../../../../arm-none-eabi/lib/thumb/v7e-m+fp/hard\libc_nano.a(lib_a-memcpy-stub.o)
                0x00000000080084c4                memcpy
 .text.memmove  0x00000000080084e0       0x34 c:/st/stm32cubeide_1.10.1/stm32cubeide/plugins/com.st.stm32cube.ide.mcu.externaltools.gnu-tools-for-stm32.10.3-2021.10.win32_1.0.0.202111181127/tools/bin/../lib/gcc/arm-none-eabi/10.3.1/../../../../arm-none-eabi/lib/thumb/v7e-m+fp/hard\libc_nano.a(lib_a-memmove.o)
                0x00000000080084e0                memmove
 .text._free_r  0x0000000008008514       0x98 c:/st/stm32cubeide_1.10.1/stm32cubeide/plugins/com.st.stm32cube.ide.mcu.externaltools.gnu-tools-for-stm32.10.3-2021.10.win32_1.0.0.202111181127/tools/bin/../lib/gcc/arm-none-eabi/10.3.1/../../../../arm-none-eabi/lib/thumb/v7e-m+fp/hard\libc_nano.a(lib_a-nano-freer.o)
                0x0000000008008514                _free_r
 .text.sbrk_aligned
                0x00000000080085ac       0x40 c:/st/stm32cubeide_1.10.1/stm32cubeide/plugins/com.st.stm32cube.ide.mcu.externaltools.gnu-tools-for-stm32.10.3-2021.10.win32_1.0.0.202111181127/tools/bin/../lib/gcc/arm-none-eabi/10.3.1/../../../../arm-none-eabi/lib/thumb/v7e-m+fp/hard\libc_nano.a(lib_a-nano-mallocr.o)
 .text._malloc_r
                0x00000000080085ec       0xe8 c:/st/stm32cubeide_1.10.1/stm32cubeide/plugins/com.st.stm32cube.ide.mcu.externaltools.gnu-tools-for-stm32.10.3-2021.10.win32_1.0.0.202111181127/tools/bin/../lib/gcc/arm-none-eabi/10.3.1/../../../../arm-none-eabi/lib/thumb/v7e-m+fp/hard\libc_nano.a(lib_a-nano-mallocr.o)
                0x00000000080085ec                _malloc_r
 .text._realloc_r
                0x00000000080086d4       0x5e c:/st/stm32cubeide_1.10.1/stm32cubeide/plugins/com.st.stm32cube.ide.mcu.externaltools.gnu-tools-for-stm32.10.3-2021.10.win32_1.0.0.202111181127/tools/bin/../lib/gcc/arm-none-eabi/10.3.1/../../../../arm-none-eabi/lib/thumb/v7e-m+fp/hard\libc_nano.a(lib_a-nano-reallocr.o)
                0x00000000080086d4                _realloc_r
 *fill*         0x0000000008008732        0x2 
 .text._sbrk_r  0x0000000008008734       0x20 c:/st/stm32cubeide_1.10.1/stm32cubeide/plugins/com.st.stm32cube.ide.mcu.externaltools.gnu-tools-for-stm32.10.3-2021.10.win32_1.0.0.202111181127/tools/bin/../lib/gcc/arm-none-eabi/10.3.1/../../../../arm-none-eabi/lib/thumb/v7e-m+fp/hard\libc_nano.a(lib_a-sbrkr.o)
                0x0000000008008734                _sbrk_r
 .text.__malloc_lock
                0x0000000008008754        0xc c:/st/stm32cubeide_1.10.1/stm32cubeide/plugins/com.st.stm32cube.ide.mcu.externaltools.gnu-tools-for-stm32.10.3-2021.10.win32_1.0.0.202111181127/tools/bin/../lib/gcc/arm-none-eabi/10.3.1/../../../../arm-none-eabi/lib/thumb/v7e-m+fp/hard\libc_nano.a(lib_a-mlock.o)
                0x0000000008008754                __malloc_lock
 .text.__malloc_unlock
                0x0000000008008760        0xc c:/st/stm32cubeide_1.10.1/stm32cubeide/plugins/com.st.stm32cube.ide.mcu.externaltools.gnu-tools-for-stm32.10.3-2021.10.win32_1.0.0.202111181127/tools/bin/../lib/gcc/arm-none-eabi/10.3.1/../../../../arm-none-eabi/lib/thumb/v7e-m+fp/hard\libc_nano.a(lib_a-mlock.o)
                0x0000000008008760                __malloc_unlock
 .text._malloc_usable_size_r
                0x000000000800876c       0x10 c:/st/stm32cubeide_1.10.1/stm32cubeide/plugins/com.st.stm32cube.ide.mcu.externaltools.gnu-tools-for-stm32.10.3-2021.10.win32_1.0.0.202111181127/tools/bin/../lib/gcc/arm-none-eabi/10.3.1/../../../../arm-none-eabi/lib/thumb/v7e-m+fp/hard\libc_nano.a(lib_a-nano-msizer.o)
                0x000000000800876c                _malloc_usable_size_r
 .text.__retarget_lock_acquire_recursive
                0x000000000800877c        0x2 c:/st/stm32cubeide_1.10.1/stm32cubeide/plugins/com.st.stm32cube.ide.mcu.externaltools.gnu-tools-for-stm32.10.3-2021.10.win32_1.0.0.202111181127/tools/bin/../lib/gcc/arm-none-eabi/10.3.1/../../../../arm-none-eabi/lib/thumb/v7e-m+fp/hard\libc_nano.a(lib_a-lock.o)
                0x000000000800877c                __retarget_lock_acquire_recursive
 .text.__retarget_lock_release_recursive
                0x000000000800877e        0x2 c:/st/stm32cubeide_1.10.1/stm32cubeide/plugins/com.st.stm32cube.ide.mcu.externaltools.gnu-tools-for-stm32.10.3-2021.10.win32_1.0.0.202111181127/tools/bin/../lib/gcc/arm-none-eabi/10.3.1/../../../../arm-none-eabi/lib/thumb/v7e-m+fp/hard\libc_nano.a(lib_a-lock.o)
                0x000000000800877e                __retarget_lock_release_recursive
 *(.glue_7)
 .glue_7        0x0000000008008780        0x0 linker stubs
 *(.glue_7t)
 .glue_7t       0x0000000008008780        0x0 linker stubs
 *(.eh_frame)
 .eh_frame      0x0000000008008780        0x0 c:/st/stm32cubeide_1.10.1/stm32cubeide/plugins/com.st.stm32cube.ide.mcu.externaltools.gnu-tools-for-stm32.10.3-2021.10.win32_1.0.0.202111181127/tools/bin/../lib/gcc/arm-none-eabi/10.3.1/thumb/v7e-m+fp/hard/crtbegin.o
 *(.init)
 .init          0x0000000008008780        0x4 c:/st/stm32cubeide_1.10.1/stm32cubeide/plugins/com.st.stm32cube.ide.mcu.externaltools.gnu-tools-for-stm32.10.3-2021.10.win32_1.0.0.202111181127/tools/bin/../lib/gcc/arm-none-eabi/10.3.1/thumb/v7e-m+fp/hard/crti.o
                0x0000000008008780                _init
 .init          0x0000000008008784        0x8 c:/st/stm32cubeide_1.10.1/stm32cubeide/plugins/com.st.stm32cube.ide.mcu.externaltools.gnu-tools-for-stm32.10.3-2021.10.win32_1.0.0.202111181127/tools/bin/../lib/gcc/arm-none-eabi/10.3.1/thumb/v7e-m+fp/hard/crtn.o
 *(.fini)
 .fini          0x000000000800878c        0x4 c:/st/stm32cubeide_1.10.1/stm32cubeide/plugins/com.st.stm32cube.ide.mcu.externaltools.gnu-tools-for-stm32.10.3-2021.10.win32_1.0.0.202111181127/tools/bin/../lib/gcc/arm-none-eabi/10.3.1/thumb/v7e-m+fp/hard/crti.o
                0x000000000800878c                _fini
 .fini          0x0000000008008790        0x8 c:/st/stm32cubeide_1.10.1/stm32cubeide/plugins/com.st.stm32cube.ide.mcu.externaltools.gnu-tools-for-stm32.10.3-2021.10.win32_1.0.0.202111181127/tools/bin/../lib/gcc/arm-none-eabi/10.3.1/thumb/v7e-m+fp/hard/crtn.o
                0x0000000008008798                . = ALIGN (0x4)
                0x0000000008008798                _etext = .

.vfp11_veneer   0x0000000008008798        0x0
 .vfp11_veneer  0x0000000008008798        0x0 linker stubs

.v4_bx          0x0000000008008798        0x0
 .v4_bx         0x0000000008008798        0x0 linker stubs

.iplt           0x0000000008008798        0x0
 .iplt          0x0000000008008798        0x0 c:/st/stm32cubeide_1.10.1/stm32cubeide/plugins/com.st.stm32cube.ide.mcu.externaltools.gnu-tools-for-stm32.10.3-2021.10.win32_1.0.0.202111181127/tools/bin/../lib/gcc/arm-none-eabi/10.3.1/thumb/v7e-m+fp/hard/crtbegin.o

.rodata         0x0000000008008798     0x29ac
                0x0000000008008798                . = ALIGN (0x4)
 *(.rodata)
 .rodata        0x0000000008008798       0x5f ./Core/Src/dht11.o
 *fill*         0x00000000080087f7        0x1 
 .rodata        0x00000000080087f8       0xa7 ./Core/Src/main.o
 *(.rodata*)
 *fill*         0x000000000800889f        0x1 
 .rodata.Font6x10
                0x00000000080088a0      0x76c ./Core/Src/fonts.o
                0x00000000080088a0                Font6x10
 .rodata.Font8x10
                0x000000000800900c      0x76c ./Core/Src/fonts.o
                0x000000000800900c                Font8x10
 .rodata.f1     0x0000000008009778      0x200 ./Core/Src/main.o
                0x0000000008009778                f1
 .rodata.f2     0x0000000008009978      0x200 ./Core/Src/main.o
                0x0000000008009978                f2
 .rodata.f3     0x0000000008009b78      0x200 ./Core/Src/main.o
                0x0000000008009b78                f3
 .rodata.f4     0x0000000008009d78      0x200 ./Core/Src/main.o
                0x0000000008009d78                f4
 .rodata.f5     0x0000000008009f78      0x200 ./Core/Src/main.o
                0x0000000008009f78                f5
 .rodata.f6     0x000000000800a178      0x200 ./Core/Src/main.o
                0x000000000800a178                f6
 .rodata.f7     0x000000000800a378      0x200 ./Core/Src/main.o
                0x000000000800a378                f7
 .rodata.f8     0x000000000800a578      0x200 ./Core/Src/main.o
                0x000000000800a578                f8
 .rodata.home   0x000000000800a778      0x200 ./Core/Src/main.o
                0x000000000800a778                home
 .rodata.zz     0x000000000800a978      0x180 ./Core/Src/main.o
                0x000000000800a978                zz
 .rodata.sun    0x000000000800aaf8      0x200 ./Core/Src/main.o
                0x000000000800aaf8                sun
 .rodata.off    0x000000000800acf8      0x200 ./Core/Src/main.o
                0x000000000800acf8                off
 .rodata.work   0x000000000800aef8      0x200 ./Core/Src/main.o
                0x000000000800aef8                work
 .rodata.AHBPrescTable
                0x000000000800b0f8       0x10 ./Core/Src/system_stm32f4xx.o
                0x000000000800b0f8                AHBPrescTable
 .rodata.APBPrescTable
                0x000000000800b108        0x8 ./Core/Src/system_stm32f4xx.o
                0x000000000800b108                APBPrescTable
 .rodata._svfprintf_r.str1.1
                0x000000000800b110       0x11 c:/st/stm32cubeide_1.10.1/stm32cubeide/plugins/com.st.stm32cube.ide.mcu.externaltools.gnu-tools-for-stm32.10.3-2021.10.win32_1.0.0.202111181127/tools/bin/../lib/gcc/arm-none-eabi/10.3.1/../../../../arm-none-eabi/lib/thumb/v7e-m+fp/hard\libc_nano.a(lib_a-nano-svfprintf.o)
 .rodata._printf_i.str1.1
                0x000000000800b121       0x22 c:/st/stm32cubeide_1.10.1/stm32cubeide/plugins/com.st.stm32cube.ide.mcu.externaltools.gnu-tools-for-stm32.10.3-2021.10.win32_1.0.0.202111181127/tools/bin/../lib/gcc/arm-none-eabi/10.3.1/../../../../arm-none-eabi/lib/thumb/v7e-m+fp/hard\libc_nano.a(lib_a-nano-vfprintf_i.o)
                0x000000000800b144                . = ALIGN (0x4)
 *fill*         0x000000000800b143        0x1 

.ARM.extab      0x000000000800b144        0x0
                0x000000000800b144                . = ALIGN (0x4)
 *(.ARM.extab* .gnu.linkonce.armextab.*)
                0x000000000800b144                . = ALIGN (0x4)

.ARM            0x000000000800b144        0x8
                0x000000000800b144                . = ALIGN (0x4)
                0x000000000800b144                __exidx_start = .
 *(.ARM.exidx*)
 .ARM.exidx     0x000000000800b144        0x8 c:/st/stm32cubeide_1.10.1/stm32cubeide/plugins/com.st.stm32cube.ide.mcu.externaltools.gnu-tools-for-stm32.10.3-2021.10.win32_1.0.0.202111181127/tools/bin/../lib/gcc/arm-none-eabi/10.3.1/thumb/v7e-m+fp/hard\libgcc.a(_udivmoddi4.o)
                0x000000000800b14c                __exidx_end = .
                0x000000000800b14c                . = ALIGN (0x4)

.rel.dyn        0x000000000800b14c        0x0
 .rel.iplt      0x000000000800b14c        0x0 c:/st/stm32cubeide_1.10.1/stm32cubeide/plugins/com.st.stm32cube.ide.mcu.externaltools.gnu-tools-for-stm32.10.3-2021.10.win32_1.0.0.202111181127/tools/bin/../lib/gcc/arm-none-eabi/10.3.1/thumb/v7e-m+fp/hard/crtbegin.o

.preinit_array  0x000000000800b14c        0x0
                0x000000000800b14c                . = ALIGN (0x4)
                0x000000000800b14c                PROVIDE (__preinit_array_start = .)
 *(.preinit_array*)
                0x000000000800b14c                PROVIDE (__preinit_array_end = .)
                0x000000000800b14c                . = ALIGN (0x4)

.init_array     0x000000000800b14c        0x4
                0x000000000800b14c                . = ALIGN (0x4)
                0x000000000800b14c                PROVIDE (__init_array_start = .)
 *(SORT_BY_NAME(.init_array.*))
 *(.init_array*)
 .init_array    0x000000000800b14c        0x4 c:/st/stm32cubeide_1.10.1/stm32cubeide/plugins/com.st.stm32cube.ide.mcu.externaltools.gnu-tools-for-stm32.10.3-2021.10.win32_1.0.0.202111181127/tools/bin/../lib/gcc/arm-none-eabi/10.3.1/thumb/v7e-m+fp/hard/crtbegin.o
                0x000000000800b150                PROVIDE (__init_array_end = .)
                0x000000000800b150                . = ALIGN (0x4)

.fini_array     0x000000000800b150        0x4
                0x000000000800b150                . = ALIGN (0x4)
                [!provide]                        PROVIDE (__fini_array_start = .)
 *(SORT_BY_NAME(.fini_array.*))
 *(.fini_array*)
 .fini_array    0x000000000800b150        0x4 c:/st/stm32cubeide_1.10.1/stm32cubeide/plugins/com.st.stm32cube.ide.mcu.externaltools.gnu-tools-for-stm32.10.3-2021.10.win32_1.0.0.202111181127/tools/bin/../lib/gcc/arm-none-eabi/10.3.1/thumb/v7e-m+fp/hard/crtbegin.o
                [!provide]                        PROVIDE (__fini_array_end = .)
                0x000000000800b154                . = ALIGN (0x4)
                0x000000000800b154                _sidata = LOADADDR (.data)

.data           0x0000000020000000       0x80 load address 0x000000000800b154
                0x0000000020000000                . = ALIGN (0x4)
                0x0000000020000000                _sdata = .
 *(.data)
 *(.data*)
 .data.Font_6x10
                0x0000000020000000        0x8 ./Core/Src/fonts.o
                0x0000000020000000                Font_6x10
 .data.Font_8x10
                0x0000000020000008        0x8 ./Core/Src/fonts.o
                0x0000000020000008                Font_8x10
 .data.SystemCoreClock
                0x0000000020000010        0x4 ./Core/Src/system_stm32f4xx.o
                0x0000000020000010                SystemCoreClock
 .data.uwTickPrio
                0x0000000020000014        0x4 ./Drivers/STM32F4xx_HAL_Driver/Src/stm32f4xx_hal.o
                0x0000000020000014                uwTickPrio
 .data.uwTickFreq
                0x0000000020000018        0x1 ./Drivers/STM32F4xx_HAL_Driver/Src/stm32f4xx_hal.o
                0x0000000020000018                uwTickFreq
 *fill*         0x0000000020000019        0x3 
 .data._impure_ptr
                0x000000002000001c        0x4 c:/st/stm32cubeide_1.10.1/stm32cubeide/plugins/com.st.stm32cube.ide.mcu.externaltools.gnu-tools-for-stm32.10.3-2021.10.win32_1.0.0.202111181127/tools/bin/../lib/gcc/arm-none-eabi/10.3.1/../../../../arm-none-eabi/lib/thumb/v7e-m+fp/hard\libc_nano.a(lib_a-impure.o)
                0x000000002000001c                _impure_ptr
 .data.impure_data
                0x0000000020000020       0x60 c:/st/stm32cubeide_1.10.1/stm32cubeide/plugins/com.st.stm32cube.ide.mcu.externaltools.gnu-tools-for-stm32.10.3-2021.10.win32_1.0.0.202111181127/tools/bin/../lib/gcc/arm-none-eabi/10.3.1/../../../../arm-none-eabi/lib/thumb/v7e-m+fp/hard\libc_nano.a(lib_a-impure.o)
 *(.RamFunc)
 *(.RamFunc*)
                0x0000000020000080                . = ALIGN (0x4)
                0x0000000020000080                _edata = .

.igot.plt       0x0000000020000080        0x0 load address 0x000000000800b1d4
 .igot.plt      0x0000000020000080        0x0 c:/st/stm32cubeide_1.10.1/stm32cubeide/plugins/com.st.stm32cube.ide.mcu.externaltools.gnu-tools-for-stm32.10.3-2021.10.win32_1.0.0.202111181127/tools/bin/../lib/gcc/arm-none-eabi/10.3.1/thumb/v7e-m+fp/hard/crtbegin.o
                0x0000000020000080                . = ALIGN (0x4)

.bss            0x0000000020000080      0x77c load address 0x000000000800b1d4
                0x0000000020000080                _sbss = .
                0x0000000020000080                __bss_start__ = _sbss
 *(.bss)
 .bss           0x0000000020000080       0x1c c:/st/stm32cubeide_1.10.1/stm32cubeide/plugins/com.st.stm32cube.ide.mcu.externaltools.gnu-tools-for-stm32.10.3-2021.10.win32_1.0.0.202111181127/tools/bin/../lib/gcc/arm-none-eabi/10.3.1/thumb/v7e-m+fp/hard/crtbegin.o
 *(.bss*)
 .bss.buff      0x000000002000009c       0x64 ./Core/Src/dht11.o
                0x000000002000009c                buff
 .bss.RH_Int    0x0000000020000100        0x1 ./Core/Src/dht11.o
                0x0000000020000100                RH_Int
 .bss.RH_Dec    0x0000000020000101        0x1 ./Core/Src/dht11.o
                0x0000000020000101                RH_Dec
 .bss.TC_Int    0x0000000020000102        0x1 ./Core/Src/dht11.o
                0x0000000020000102                TC_Int
 .bss.TC_Dec    0x0000000020000103        0x1 ./Core/Src/dht11.o
                0x0000000020000103                TC_Dec
 .bss.check_sum
                0x0000000020000104        0x1 ./Core/Src/dht11.o
                0x0000000020000104                check_sum
 *fill*         0x0000000020000105        0x3 
 .bss.msec1     0x0000000020000108        0x4 ./Core/Src/dht11.o
                0x0000000020000108                msec1
 .bss.msec2     0x000000002000010c        0x4 ./Core/Src/dht11.o
                0x000000002000010c                msec2
 .bss.Celsius   0x0000000020000110        0x4 ./Core/Src/dht11.o
                0x0000000020000110                Celsius
 .bss.Rel_Hum   0x0000000020000114        0x4 ./Core/Src/dht11.o
                0x0000000020000114                Rel_Hum
 .bss.PWM       0x0000000020000118        0x4 ./Core/Src/dht11.o
                0x0000000020000118                PWM
 .bss.adc_val   0x000000002000011c        0x2 ./Core/Src/ldr.o
                0x000000002000011c                adc_val
 .bss.multiplier
                0x000000002000011e        0x2 ./Core/Src/ldr.o
                0x000000002000011e                multiplier
 .bss.hadc1     0x0000000020000120       0x48 ./Core/Src/main.o
                0x0000000020000120                hadc1
 .bss.hi2c1     0x0000000020000168       0x54 ./Core/Src/main.o
                0x0000000020000168                hi2c1
 .bss.hrtc      0x00000000200001bc       0x20 ./Core/Src/main.o
                0x00000000200001bc                hrtc
 .bss.htim1     0x00000000200001dc       0x48 ./Core/Src/main.o
                0x00000000200001dc                htim1
 .bss.htim2     0x0000000020000224       0x48 ./Core/Src/main.o
                0x0000000020000224                htim2
 .bss.htim3     0x000000002000026c       0x48 ./Core/Src/main.o
                0x000000002000026c                htim3
 .bss.htim4     0x00000000200002b4       0x48 ./Core/Src/main.o
                0x00000000200002b4                htim4
 .bss.htim5     0x00000000200002fc       0x48 ./Core/Src/main.o
                0x00000000200002fc                htim5
 .bss.huart2    0x0000000020000344       0x44 ./Core/Src/main.o
                0x0000000020000344                huart2
 .bss.flag      0x0000000020000388        0x4 ./Core/Src/main.o
                0x0000000020000388                flag
 .bss.j         0x000000002000038c        0x4 ./Core/Src/main.o
                0x000000002000038c                j
 .bss.a         0x0000000020000390        0x4 ./Core/Src/main.o
                0x0000000020000390                a
 .bss.automode  0x0000000020000394        0x4 ./Core/Src/main.o
                0x0000000020000394                automode
 .bss.rx        0x0000000020000398        0x1 ./Core/Src/main.o
                0x0000000020000398                rx
 *fill*         0x0000000020000399        0x3 
 .bss.str1      0x000000002000039c       0x3c ./Core/Src/main.o
                0x000000002000039c                str1
 .bss.PWM1      0x00000000200003d8        0x4 ./Core/Src/main.o
                0x00000000200003d8                PWM1
 .bss.OLED_Buffer
                0x00000000200003dc      0x400 ./Core/Src/ssd1306.o
 .bss.OLED      0x00000000200007dc        0x6 ./Core/Src/ssd1306.o
 *fill*         0x00000000200007e2        0x2 
 .bss.__sbrk_heap_end
                0x00000000200007e4        0x4 ./Core/Src/sysmem.o
 .bss.uwTick    0x00000000200007e8        0x4 ./Drivers/STM32F4xx_HAL_Driver/Src/stm32f4xx_hal.o
                0x00000000200007e8                uwTick
 .bss.__malloc_free_list
                0x00000000200007ec        0x4 c:/st/stm32cubeide_1.10.1/stm32cubeide/plugins/com.st.stm32cube.ide.mcu.externaltools.gnu-tools-for-stm32.10.3-2021.10.win32_1.0.0.202111181127/tools/bin/../lib/gcc/arm-none-eabi/10.3.1/../../../../arm-none-eabi/lib/thumb/v7e-m+fp/hard\libc_nano.a(lib_a-nano-mallocr.o)
                0x00000000200007ec                __malloc_free_list
 .bss.__malloc_sbrk_start
                0x00000000200007f0        0x4 c:/st/stm32cubeide_1.10.1/stm32cubeide/plugins/com.st.stm32cube.ide.mcu.externaltools.gnu-tools-for-stm32.10.3-2021.10.win32_1.0.0.202111181127/tools/bin/../lib/gcc/arm-none-eabi/10.3.1/../../../../arm-none-eabi/lib/thumb/v7e-m+fp/hard\libc_nano.a(lib_a-nano-mallocr.o)
                0x00000000200007f0                __malloc_sbrk_start
 .bss.errno     0x00000000200007f4        0x4 c:/st/stm32cubeide_1.10.1/stm32cubeide/plugins/com.st.stm32cube.ide.mcu.externaltools.gnu-tools-for-stm32.10.3-2021.10.win32_1.0.0.202111181127/tools/bin/../lib/gcc/arm-none-eabi/10.3.1/../../../../arm-none-eabi/lib/thumb/v7e-m+fp/hard\libc_nano.a(lib_a-reent.o)
                0x00000000200007f4                errno
 .bss.__lock___malloc_recursive_mutex
                0x00000000200007f8        0x1 c:/st/stm32cubeide_1.10.1/stm32cubeide/plugins/com.st.stm32cube.ide.mcu.externaltools.gnu-tools-for-stm32.10.3-2021.10.win32_1.0.0.202111181127/tools/bin/../lib/gcc/arm-none-eabi/10.3.1/../../../../arm-none-eabi/lib/thumb/v7e-m+fp/hard\libc_nano.a(lib_a-lock.o)
                0x00000000200007f8                __lock___malloc_recursive_mutex
 *(COMMON)
                0x00000000200007fc                . = ALIGN (0x4)
 *fill*         0x00000000200007f9        0x3 
                0x00000000200007fc                _ebss = .
                0x00000000200007fc                __bss_end__ = _ebss

._user_heap_stack
                0x00000000200007fc      0x604 load address 0x000000000800b1d4
                0x0000000020000800                . = ALIGN (0x8)
 *fill*         0x00000000200007fc        0x4 
                [!provide]                        PROVIDE (end = .)
                0x0000000020000800                PROVIDE (_end = .)
                0x0000000020000a00                . = (. + _Min_Heap_Size)
 *fill*         0x0000000020000800      0x200 
                0x0000000020000e00                . = (. + _Min_Stack_Size)
 *fill*         0x0000000020000a00      0x400 
                0x0000000020000e00                . = ALIGN (0x8)

/DISCARD/
 libc.a(*)
 libm.a(*)
 libgcc.a(*)

.ARM.attributes
                0x0000000000000000       0x30
 *(.ARM.attributes)
 .ARM.attributes
                0x0000000000000000       0x1e c:/st/stm32cubeide_1.10.1/stm32cubeide/plugins/com.st.stm32cube.ide.mcu.externaltools.gnu-tools-for-stm32.10.3-2021.10.win32_1.0.0.202111181127/tools/bin/../lib/gcc/arm-none-eabi/10.3.1/thumb/v7e-m+fp/hard/crti.o
 .ARM.attributes
                0x000000000000001e       0x34 c:/st/stm32cubeide_1.10.1/stm32cubeide/plugins/com.st.stm32cube.ide.mcu.externaltools.gnu-tools-for-stm32.10.3-2021.10.win32_1.0.0.202111181127/tools/bin/../lib/gcc/arm-none-eabi/10.3.1/thumb/v7e-m+fp/hard/crtbegin.o
 .ARM.attributes
                0x0000000000000052       0x34 ./Core/Src/dht11.o
 .ARM.attributes
                0x0000000000000086       0x34 ./Core/Src/fonts.o
 .ARM.attributes
                0x00000000000000ba       0x34 ./Core/Src/ldr.o
 .ARM.attributes
                0x00000000000000ee       0x34 ./Core/Src/main.o
 .ARM.attributes
                0x0000000000000122       0x34 ./Core/Src/ssd1306.o
 .ARM.attributes
                0x0000000000000156       0x34 ./Core/Src/stm32f4xx_hal_msp.o
 .ARM.attributes
                0x000000000000018a       0x34 ./Core/Src/stm32f4xx_it.o
 .ARM.attributes
                0x00000000000001be       0x34 ./Core/Src/sysmem.o
 .ARM.attributes
                0x00000000000001f2       0x34 ./Core/Src/system_stm32f4xx.o
 .ARM.attributes
                0x0000000000000226       0x21 ./Core/Startup/startup_stm32f411vetx.o
 .ARM.attributes
                0x0000000000000247       0x34 ./Drivers/STM32F4xx_HAL_Driver/Src/stm32f4xx_hal.o
 .ARM.attributes
                0x000000000000027b       0x34 ./Drivers/STM32F4xx_HAL_Driver/Src/stm32f4xx_hal_adc.o
 .ARM.attributes
                0x00000000000002af       0x34 ./Drivers/STM32F4xx_HAL_Driver/Src/stm32f4xx_hal_cortex.o
 .ARM.attributes
                0x00000000000002e3       0x34 ./Drivers/STM32F4xx_HAL_Driver/Src/stm32f4xx_hal_dma.o
 .ARM.attributes
                0x0000000000000317       0x34 ./Drivers/STM32F4xx_HAL_Driver/Src/stm32f4xx_hal_gpio.o
 .ARM.attributes
                0x000000000000034b       0x34 ./Drivers/STM32F4xx_HAL_Driver/Src/stm32f4xx_hal_i2c.o
 .ARM.attributes
                0x000000000000037f       0x34 ./Drivers/STM32F4xx_HAL_Driver/Src/stm32f4xx_hal_pwr.o
 .ARM.attributes
                0x00000000000003b3       0x34 ./Drivers/STM32F4xx_HAL_Driver/Src/stm32f4xx_hal_rcc.o
 .ARM.attributes
                0x00000000000003e7       0x34 ./Drivers/STM32F4xx_HAL_Driver/Src/stm32f4xx_hal_rcc_ex.o
 .ARM.attributes
                0x000000000000041b       0x34 ./Drivers/STM32F4xx_HAL_Driver/Src/stm32f4xx_hal_rtc.o
 .ARM.attributes
                0x000000000000044f       0x34 ./Drivers/STM32F4xx_HAL_Driver/Src/stm32f4xx_hal_rtc_ex.o
 .ARM.attributes
                0x0000000000000483       0x34 ./Drivers/STM32F4xx_HAL_Driver/Src/stm32f4xx_hal_tim.o
 .ARM.attributes
                0x00000000000004b7       0x34 ./Drivers/STM32F4xx_HAL_Driver/Src/stm32f4xx_hal_tim_ex.o
 .ARM.attributes
                0x00000000000004eb       0x34 ./Drivers/STM32F4xx_HAL_Driver/Src/stm32f4xx_hal_uart.o
 .ARM.attributes
                0x000000000000051f       0x34 c:/st/stm32cubeide_1.10.1/stm32cubeide/plugins/com.st.stm32cube.ide.mcu.externaltools.gnu-tools-for-stm32.10.3-2021.10.win32_1.0.0.202111181127/tools/bin/../lib/gcc/arm-none-eabi/10.3.1/../../../../arm-none-eabi/lib/thumb/v7e-m+fp/hard\libc_nano.a(lib_a-errno.o)
 .ARM.attributes
                0x0000000000000553       0x34 c:/st/stm32cubeide_1.10.1/stm32cubeide/plugins/com.st.stm32cube.ide.mcu.externaltools.gnu-tools-for-stm32.10.3-2021.10.win32_1.0.0.202111181127/tools/bin/../lib/gcc/arm-none-eabi/10.3.1/../../../../arm-none-eabi/lib/thumb/v7e-m+fp/hard\libc_nano.a(lib_a-impure.o)
 .ARM.attributes
                0x0000000000000587       0x34 c:/st/stm32cubeide_1.10.1/stm32cubeide/plugins/com.st.stm32cube.ide.mcu.externaltools.gnu-tools-for-stm32.10.3-2021.10.win32_1.0.0.202111181127/tools/bin/../lib/gcc/arm-none-eabi/10.3.1/../../../../arm-none-eabi/lib/thumb/v7e-m+fp/hard\libc_nano.a(lib_a-init.o)
 .ARM.attributes
                0x00000000000005bb       0x34 c:/st/stm32cubeide_1.10.1/stm32cubeide/plugins/com.st.stm32cube.ide.mcu.externaltools.gnu-tools-for-stm32.10.3-2021.10.win32_1.0.0.202111181127/tools/bin/../lib/gcc/arm-none-eabi/10.3.1/../../../../arm-none-eabi/lib/thumb/v7e-m+fp/hard\libc_nano.a(lib_a-memset.o)
 .ARM.attributes
                0x00000000000005ef       0x34 c:/st/stm32cubeide_1.10.1/stm32cubeide/plugins/com.st.stm32cube.ide.mcu.externaltools.gnu-tools-for-stm32.10.3-2021.10.win32_1.0.0.202111181127/tools/bin/../lib/gcc/arm-none-eabi/10.3.1/../../../../arm-none-eabi/lib/thumb/v7e-m+fp/hard\libc_nano.a(lib_a-sprintf.o)
 .ARM.attributes
                0x0000000000000623       0x34 c:/st/stm32cubeide_1.10.1/stm32cubeide/plugins/com.st.stm32cube.ide.mcu.externaltools.gnu-tools-for-stm32.10.3-2021.10.win32_1.0.0.202111181127/tools/bin/../lib/gcc/arm-none-eabi/10.3.1/../../../../arm-none-eabi/lib/thumb/v7e-m+fp/hard\libc_nano.a(lib_a-nano-svfprintf.o)
 .ARM.attributes
                0x0000000000000657       0x34 c:/st/stm32cubeide_1.10.1/stm32cubeide/plugins/com.st.stm32cube.ide.mcu.externaltools.gnu-tools-for-stm32.10.3-2021.10.win32_1.0.0.202111181127/tools/bin/../lib/gcc/arm-none-eabi/10.3.1/../../../../arm-none-eabi/lib/thumb/v7e-m+fp/hard\libc_nano.a(lib_a-nano-vfprintf_i.o)
 .ARM.attributes
                0x000000000000068b       0x1c c:/st/stm32cubeide_1.10.1/stm32cubeide/plugins/com.st.stm32cube.ide.mcu.externaltools.gnu-tools-for-stm32.10.3-2021.10.win32_1.0.0.202111181127/tools/bin/../lib/gcc/arm-none-eabi/10.3.1/../../../../arm-none-eabi/lib/thumb/v7e-m+fp/hard\libc_nano.a(lib_a-memchr.o)
 .ARM.attributes
                0x00000000000006a7       0x34 c:/st/stm32cubeide_1.10.1/stm32cubeide/plugins/com.st.stm32cube.ide.mcu.externaltools.gnu-tools-for-stm32.10.3-2021.10.win32_1.0.0.202111181127/tools/bin/../lib/gcc/arm-none-eabi/10.3.1/../../../../arm-none-eabi/lib/thumb/v7e-m+fp/hard\libc_nano.a(lib_a-memcpy-stub.o)
 .ARM.attributes
                0x00000000000006db       0x34 c:/st/stm32cubeide_1.10.1/stm32cubeide/plugins/com.st.stm32cube.ide.mcu.externaltools.gnu-tools-for-stm32.10.3-2021.10.win32_1.0.0.202111181127/tools/bin/../lib/gcc/arm-none-eabi/10.3.1/../../../../arm-none-eabi/lib/thumb/v7e-m+fp/hard\libc_nano.a(lib_a-memmove.o)
 .ARM.attributes
                0x000000000000070f       0x34 c:/st/stm32cubeide_1.10.1/stm32cubeide/plugins/com.st.stm32cube.ide.mcu.externaltools.gnu-tools-for-stm32.10.3-2021.10.win32_1.0.0.202111181127/tools/bin/../lib/gcc/arm-none-eabi/10.3.1/../../../../arm-none-eabi/lib/thumb/v7e-m+fp/hard\libc_nano.a(lib_a-nano-freer.o)
 .ARM.attributes
                0x0000000000000743       0x34 c:/st/stm32cubeide_1.10.1/stm32cubeide/plugins/com.st.stm32cube.ide.mcu.externaltools.gnu-tools-for-stm32.10.3-2021.10.win32_1.0.0.202111181127/tools/bin/../lib/gcc/arm-none-eabi/10.3.1/../../../../arm-none-eabi/lib/thumb/v7e-m+fp/hard\libc_nano.a(lib_a-nano-mallocr.o)
 .ARM.attributes
                0x0000000000000777       0x34 c:/st/stm32cubeide_1.10.1/stm32cubeide/plugins/com.st.stm32cube.ide.mcu.externaltools.gnu-tools-for-stm32.10.3-2021.10.win32_1.0.0.202111181127/tools/bin/../lib/gcc/arm-none-eabi/10.3.1/../../../../arm-none-eabi/lib/thumb/v7e-m+fp/hard\libc_nano.a(lib_a-nano-reallocr.o)
 .ARM.attributes
                0x00000000000007ab       0x34 c:/st/stm32cubeide_1.10.1/stm32cubeide/plugins/com.st.stm32cube.ide.mcu.externaltools.gnu-tools-for-stm32.10.3-2021.10.win32_1.0.0.202111181127/tools/bin/../lib/gcc/arm-none-eabi/10.3.1/../../../../arm-none-eabi/lib/thumb/v7e-m+fp/hard\libc_nano.a(lib_a-sbrkr.o)
 .ARM.attributes
                0x00000000000007df       0x34 c:/st/stm32cubeide_1.10.1/stm32cubeide/plugins/com.st.stm32cube.ide.mcu.externaltools.gnu-tools-for-stm32.10.3-2021.10.win32_1.0.0.202111181127/tools/bin/../lib/gcc/arm-none-eabi/10.3.1/../../../../arm-none-eabi/lib/thumb/v7e-m+fp/hard\libc_nano.a(lib_a-mlock.o)
 .ARM.attributes
                0x0000000000000813       0x34 c:/st/stm32cubeide_1.10.1/stm32cubeide/plugins/com.st.stm32cube.ide.mcu.externaltools.gnu-tools-for-stm32.10.3-2021.10.win32_1.0.0.202111181127/tools/bin/../lib/gcc/arm-none-eabi/10.3.1/../../../../arm-none-eabi/lib/thumb/v7e-m+fp/hard\libc_nano.a(lib_a-nano-msizer.o)
 .ARM.attributes
                0x0000000000000847       0x34 c:/st/stm32cubeide_1.10.1/stm32cubeide/plugins/com.st.stm32cube.ide.mcu.externaltools.gnu-tools-for-stm32.10.3-2021.10.win32_1.0.0.202111181127/tools/bin/../lib/gcc/arm-none-eabi/10.3.1/../../../../arm-none-eabi/lib/thumb/v7e-m+fp/hard\libc_nano.a(lib_a-reent.o)
 .ARM.attributes
                0x000000000000087b       0x34 c:/st/stm32cubeide_1.10.1/stm32cubeide/plugins/com.st.stm32cube.ide.mcu.externaltools.gnu-tools-for-stm32.10.3-2021.10.win32_1.0.0.202111181127/tools/bin/../lib/gcc/arm-none-eabi/10.3.1/../../../../arm-none-eabi/lib/thumb/v7e-m+fp/hard\libc_nano.a(lib_a-lock.o)
 .ARM.attributes
                0x00000000000008af       0x1e c:/st/stm32cubeide_1.10.1/stm32cubeide/plugins/com.st.stm32cube.ide.mcu.externaltools.gnu-tools-for-stm32.10.3-2021.10.win32_1.0.0.202111181127/tools/bin/../lib/gcc/arm-none-eabi/10.3.1/thumb/v7e-m+fp/hard\libgcc.a(_arm_addsubdf3.o)
 .ARM.attributes
                0x00000000000008cd       0x1e c:/st/stm32cubeide_1.10.1/stm32cubeide/plugins/com.st.stm32cube.ide.mcu.externaltools.gnu-tools-for-stm32.10.3-2021.10.win32_1.0.0.202111181127/tools/bin/../lib/gcc/arm-none-eabi/10.3.1/thumb/v7e-m+fp/hard\libgcc.a(_arm_muldivdf3.o)
 .ARM.attributes
                0x00000000000008eb       0x1e c:/st/stm32cubeide_1.10.1/stm32cubeide/plugins/com.st.stm32cube.ide.mcu.externaltools.gnu-tools-for-stm32.10.3-2021.10.win32_1.0.0.202111181127/tools/bin/../lib/gcc/arm-none-eabi/10.3.1/thumb/v7e-m+fp/hard\libgcc.a(_arm_truncdfsf2.o)
 .ARM.attributes
                0x0000000000000909       0x1e c:/st/stm32cubeide_1.10.1/stm32cubeide/plugins/com.st.stm32cube.ide.mcu.externaltools.gnu-tools-for-stm32.10.3-2021.10.win32_1.0.0.202111181127/tools/bin/../lib/gcc/arm-none-eabi/10.3.1/thumb/v7e-m+fp/hard\libgcc.a(_aeabi_uldivmod.o)
 .ARM.attributes
                0x0000000000000927       0x34 c:/st/stm32cubeide_1.10.1/stm32cubeide/plugins/com.st.stm32cube.ide.mcu.externaltools.gnu-tools-for-stm32.10.3-2021.10.win32_1.0.0.202111181127/tools/bin/../lib/gcc/arm-none-eabi/10.3.1/thumb/v7e-m+fp/hard\libgcc.a(_udivmoddi4.o)
 .ARM.attributes
                0x000000000000095b       0x1e c:/st/stm32cubeide_1.10.1/stm32cubeide/plugins/com.st.stm32cube.ide.mcu.externaltools.gnu-tools-for-stm32.10.3-2021.10.win32_1.0.0.202111181127/tools/bin/../lib/gcc/arm-none-eabi/10.3.1/thumb/v7e-m+fp/hard\libgcc.a(_dvmd_tls.o)
 .ARM.attributes
                0x0000000000000979       0x1e c:/st/stm32cubeide_1.10.1/stm32cubeide/plugins/com.st.stm32cube.ide.mcu.externaltools.gnu-tools-for-stm32.10.3-2021.10.win32_1.0.0.202111181127/tools/bin/../lib/gcc/arm-none-eabi/10.3.1/thumb/v7e-m+fp/hard/crtn.o
OUTPUT(ESD_DHT1.elf elf32-littlearm)
LOAD linker stubs
LOAD c:/st/stm32cubeide_1.10.1/stm32cubeide/plugins/com.st.stm32cube.ide.mcu.externaltools.gnu-tools-for-stm32.10.3-2021.10.win32_1.0.0.202111181127/tools/bin/../lib/gcc/arm-none-eabi/10.3.1/../../../../arm-none-eabi/lib/thumb/v7e-m+fp/hard\libc.a
LOAD c:/st/stm32cubeide_1.10.1/stm32cubeide/plugins/com.st.stm32cube.ide.mcu.externaltools.gnu-tools-for-stm32.10.3-2021.10.win32_1.0.0.202111181127/tools/bin/../lib/gcc/arm-none-eabi/10.3.1/../../../../arm-none-eabi/lib/thumb/v7e-m+fp/hard\libm.a
LOAD c:/st/stm32cubeide_1.10.1/stm32cubeide/plugins/com.st.stm32cube.ide.mcu.externaltools.gnu-tools-for-stm32.10.3-2021.10.win32_1.0.0.202111181127/tools/bin/../lib/gcc/arm-none-eabi/10.3.1/thumb/v7e-m+fp/hard\libgcc.a

.debug_info     0x0000000000000000    0x17322
 .debug_info    0x0000000000000000      0xad4 ./Core/Src/dht11.o
 .debug_info    0x0000000000000ad4      0x264 ./Core/Src/fonts.o
 .debug_info    0x0000000000000d38      0x7fd ./Core/Src/ldr.o
 .debug_info    0x0000000000001535     0x2226 ./Core/Src/main.o
 .debug_info    0x000000000000375b      0xbbe ./Core/Src/ssd1306.o
 .debug_info    0x0000000000004319     0x1ae2 ./Core/Src/stm32f4xx_hal_msp.o
 .debug_info    0x0000000000005dfb      0xd4f ./Core/Src/stm32f4xx_it.o
 .debug_info    0x0000000000006b4a      0x171 ./Core/Src/sysmem.o
 .debug_info    0x0000000000006cbb      0x54f ./Core/Src/system_stm32f4xx.o
 .debug_info    0x000000000000720a       0x22 ./Core/Startup/startup_stm32f411vetx.o
 .debug_info    0x000000000000722c      0x90d ./Drivers/STM32F4xx_HAL_Driver/Src/stm32f4xx_hal.o
 .debug_info    0x0000000000007b39      0xd68 ./Drivers/STM32F4xx_HAL_Driver/Src/stm32f4xx_hal_adc.o
 .debug_info    0x00000000000088a1      0xd8b ./Drivers/STM32F4xx_HAL_Driver/Src/stm32f4xx_hal_cortex.o
 .debug_info    0x000000000000962c      0x947 ./Drivers/STM32F4xx_HAL_Driver/Src/stm32f4xx_hal_dma.o
 .debug_info    0x0000000000009f73      0x78e ./Drivers/STM32F4xx_HAL_Driver/Src/stm32f4xx_hal_gpio.o
 .debug_info    0x000000000000a701     0x260f ./Drivers/STM32F4xx_HAL_Driver/Src/stm32f4xx_hal_i2c.o
 .debug_info    0x000000000000cd10      0x751 ./Drivers/STM32F4xx_HAL_Driver/Src/stm32f4xx_hal_pwr.o
 .debug_info    0x000000000000d461      0x98d ./Drivers/STM32F4xx_HAL_Driver/Src/stm32f4xx_hal_rcc.o
 .debug_info    0x000000000000ddee      0x5d9 ./Drivers/STM32F4xx_HAL_Driver/Src/stm32f4xx_hal_rcc_ex.o
 .debug_info    0x000000000000e3c7      0xcf0 ./Drivers/STM32F4xx_HAL_Driver/Src/stm32f4xx_hal_rtc.o
 .debug_info    0x000000000000f0b7      0xf29 ./Drivers/STM32F4xx_HAL_Driver/Src/stm32f4xx_hal_rtc_ex.o
 .debug_info    0x000000000000ffe0     0x2bb6 ./Drivers/STM32F4xx_HAL_Driver/Src/stm32f4xx_hal_tim.o
 .debug_info    0x0000000000012b96     0x15d8 ./Drivers/STM32F4xx_HAL_Driver/Src/stm32f4xx_hal_tim_ex.o
 .debug_info    0x000000000001416e     0x31b4 ./Drivers/STM32F4xx_HAL_Driver/Src/stm32f4xx_hal_uart.o

.debug_abbrev   0x0000000000000000     0x307c
 .debug_abbrev  0x0000000000000000      0x253 ./Core/Src/dht11.o
 .debug_abbrev  0x0000000000000253      0x111 ./Core/Src/fonts.o
 .debug_abbrev  0x0000000000000364      0x1ae ./Core/Src/ldr.o
 .debug_abbrev  0x0000000000000512      0x323 ./Core/Src/main.o
 .debug_abbrev  0x0000000000000835      0x2be ./Core/Src/ssd1306.o
 .debug_abbrev  0x0000000000000af3      0x234 ./Core/Src/stm32f4xx_hal_msp.o
 .debug_abbrev  0x0000000000000d27      0x1af ./Core/Src/stm32f4xx_it.o
 .debug_abbrev  0x0000000000000ed6       0xbb ./Core/Src/sysmem.o
 .debug_abbrev  0x0000000000000f91      0x116 ./Core/Src/system_stm32f4xx.o
 .debug_abbrev  0x00000000000010a7       0x12 ./Core/Startup/startup_stm32f411vetx.o
 .debug_abbrev  0x00000000000010b9      0x23e ./Drivers/STM32F4xx_HAL_Driver/Src/stm32f4xx_hal.o
 .debug_abbrev  0x00000000000012f7      0x204 ./Drivers/STM32F4xx_HAL_Driver/Src/stm32f4xx_hal_adc.o
 .debug_abbrev  0x00000000000014fb      0x316 ./Drivers/STM32F4xx_HAL_Driver/Src/stm32f4xx_hal_cortex.o
 .debug_abbrev  0x0000000000001811      0x21b ./Drivers/STM32F4xx_HAL_Driver/Src/stm32f4xx_hal_dma.o
 .debug_abbrev  0x0000000000001a2c      0x1c4 ./Drivers/STM32F4xx_HAL_Driver/Src/stm32f4xx_hal_gpio.o
 .debug_abbrev  0x0000000000001bf0      0x2a8 ./Drivers/STM32F4xx_HAL_Driver/Src/stm32f4xx_hal_i2c.o
 .debug_abbrev  0x0000000000001e98      0x1a3 ./Drivers/STM32F4xx_HAL_Driver/Src/stm32f4xx_hal_pwr.o
 .debug_abbrev  0x000000000000203b      0x2aa ./Drivers/STM32F4xx_HAL_Driver/Src/stm32f4xx_hal_rcc.o
 .debug_abbrev  0x00000000000022e5      0x1a8 ./Drivers/STM32F4xx_HAL_Driver/Src/stm32f4xx_hal_rcc_ex.o
 .debug_abbrev  0x000000000000248d      0x202 ./Drivers/STM32F4xx_HAL_Driver/Src/stm32f4xx_hal_rtc.o
 .debug_abbrev  0x000000000000268f      0x204 ./Drivers/STM32F4xx_HAL_Driver/Src/stm32f4xx_hal_rtc_ex.o
 .debug_abbrev  0x0000000000002893      0x26e ./Drivers/STM32F4xx_HAL_Driver/Src/stm32f4xx_hal_tim.o
 .debug_abbrev  0x0000000000002b01      0x276 ./Drivers/STM32F4xx_HAL_Driver/Src/stm32f4xx_hal_tim_ex.o
 .debug_abbrev  0x0000000000002d77      0x305 ./Drivers/STM32F4xx_HAL_Driver/Src/stm32f4xx_hal_uart.o

.debug_aranges  0x0000000000000000     0x1448
 .debug_aranges
                0x0000000000000000       0x38 ./Core/Src/dht11.o
 .debug_aranges
                0x0000000000000038       0x20 ./Core/Src/fonts.o
 .debug_aranges
                0x0000000000000058       0x38 ./Core/Src/ldr.o
 .debug_aranges
                0x0000000000000090       0x90 ./Core/Src/main.o
 .debug_aranges
                0x0000000000000120       0x98 ./Core/Src/ssd1306.o
 .debug_aranges
                0x00000000000001b8       0x78 ./Core/Src/stm32f4xx_hal_msp.o
 .debug_aranges
                0x0000000000000230       0x78 ./Core/Src/stm32f4xx_it.o
 .debug_aranges
                0x00000000000002a8       0x20 ./Core/Src/sysmem.o
 .debug_aranges
                0x00000000000002c8       0x28 ./Core/Src/system_stm32f4xx.o
 .debug_aranges
                0x00000000000002f0       0x28 ./Core/Startup/startup_stm32f411vetx.o
 .debug_aranges
                0x0000000000000318       0xf0 ./Drivers/STM32F4xx_HAL_Driver/Src/stm32f4xx_hal.o
 .debug_aranges
                0x0000000000000408       0xe8 ./Drivers/STM32F4xx_HAL_Driver/Src/stm32f4xx_hal_adc.o
 .debug_aranges
                0x00000000000004f0      0x118 ./Drivers/STM32F4xx_HAL_Driver/Src/stm32f4xx_hal_cortex.o
 .debug_aranges
                0x0000000000000608       0x90 ./Drivers/STM32F4xx_HAL_Driver/Src/stm32f4xx_hal_dma.o
 .debug_aranges
                0x0000000000000698       0x58 ./Drivers/STM32F4xx_HAL_Driver/Src/stm32f4xx_hal_gpio.o
 .debug_aranges
                0x00000000000006f0      0x2a0 ./Drivers/STM32F4xx_HAL_Driver/Src/stm32f4xx_hal_i2c.o
 .debug_aranges
                0x0000000000000990       0xa0 ./Drivers/STM32F4xx_HAL_Driver/Src/stm32f4xx_hal_pwr.o
 .debug_aranges
                0x0000000000000a30       0x88 ./Drivers/STM32F4xx_HAL_Driver/Src/stm32f4xx_hal_rcc.o
 .debug_aranges
                0x0000000000000ab8       0x50 ./Drivers/STM32F4xx_HAL_Driver/Src/stm32f4xx_hal_rcc_ex.o
 .debug_aranges
                0x0000000000000b08       0xe8 ./Drivers/STM32F4xx_HAL_Driver/Src/stm32f4xx_hal_rtc.o
 .debug_aranges
                0x0000000000000bf0      0x120 ./Drivers/STM32F4xx_HAL_Driver/Src/stm32f4xx_hal_rtc_ex.o
 .debug_aranges
                0x0000000000000d10      0x3d0 ./Drivers/STM32F4xx_HAL_Driver/Src/stm32f4xx_hal_tim.o
 .debug_aranges
                0x00000000000010e0      0x168 ./Drivers/STM32F4xx_HAL_Driver/Src/stm32f4xx_hal_tim_ex.o
 .debug_aranges
                0x0000000000001248      0x200 ./Drivers/STM32F4xx_HAL_Driver/Src/stm32f4xx_hal_uart.o

.debug_ranges   0x0000000000000000     0x1318
 .debug_ranges  0x0000000000000000       0x28 ./Core/Src/dht11.o
 .debug_ranges  0x0000000000000028       0x10 ./Core/Src/fonts.o
 .debug_ranges  0x0000000000000038       0x28 ./Core/Src/ldr.o
 .debug_ranges  0x0000000000000060       0x80 ./Core/Src/main.o
 .debug_ranges  0x00000000000000e0       0x88 ./Core/Src/ssd1306.o
 .debug_ranges  0x0000000000000168       0x68 ./Core/Src/stm32f4xx_hal_msp.o
 .debug_ranges  0x00000000000001d0       0x68 ./Core/Src/stm32f4xx_it.o
 .debug_ranges  0x0000000000000238       0x10 ./Core/Src/sysmem.o
 .debug_ranges  0x0000000000000248       0x18 ./Core/Src/system_stm32f4xx.o
 .debug_ranges  0x0000000000000260       0x20 ./Core/Startup/startup_stm32f411vetx.o
 .debug_ranges  0x0000000000000280       0xe0 ./Drivers/STM32F4xx_HAL_Driver/Src/stm32f4xx_hal.o
 .debug_ranges  0x0000000000000360       0xd8 ./Drivers/STM32F4xx_HAL_Driver/Src/stm32f4xx_hal_adc.o
 .debug_ranges  0x0000000000000438      0x108 ./Drivers/STM32F4xx_HAL_Driver/Src/stm32f4xx_hal_cortex.o
 .debug_ranges  0x0000000000000540       0x80 ./Drivers/STM32F4xx_HAL_Driver/Src/stm32f4xx_hal_dma.o
 .debug_ranges  0x00000000000005c0       0x48 ./Drivers/STM32F4xx_HAL_Driver/Src/stm32f4xx_hal_gpio.o
 .debug_ranges  0x0000000000000608      0x2a8 ./Drivers/STM32F4xx_HAL_Driver/Src/stm32f4xx_hal_i2c.o
 .debug_ranges  0x00000000000008b0       0x90 ./Drivers/STM32F4xx_HAL_Driver/Src/stm32f4xx_hal_pwr.o
 .debug_ranges  0x0000000000000940       0x78 ./Drivers/STM32F4xx_HAL_Driver/Src/stm32f4xx_hal_rcc.o
 .debug_ranges  0x00000000000009b8       0x40 ./Drivers/STM32F4xx_HAL_Driver/Src/stm32f4xx_hal_rcc_ex.o
 .debug_ranges  0x00000000000009f8       0xd8 ./Drivers/STM32F4xx_HAL_Driver/Src/stm32f4xx_hal_rtc.o
 .debug_ranges  0x0000000000000ad0      0x110 ./Drivers/STM32F4xx_HAL_Driver/Src/stm32f4xx_hal_rtc_ex.o
 .debug_ranges  0x0000000000000be0      0x3c0 ./Drivers/STM32F4xx_HAL_Driver/Src/stm32f4xx_hal_tim.o
 .debug_ranges  0x0000000000000fa0      0x158 ./Drivers/STM32F4xx_HAL_Driver/Src/stm32f4xx_hal_tim_ex.o
 .debug_ranges  0x00000000000010f8      0x220 ./Drivers/STM32F4xx_HAL_Driver/Src/stm32f4xx_hal_uart.o

.debug_macro    0x0000000000000000    0x1a1b7
 .debug_macro   0x0000000000000000      0x45d ./Core/Src/dht11.o
 .debug_macro   0x000000000000045d      0xa78 ./Core/Src/dht11.o
 .debug_macro   0x0000000000000ed5       0x22 ./Core/Src/dht11.o
 .debug_macro   0x0000000000000ef7      0x2ad ./Core/Src/dht11.o
 .debug_macro   0x00000000000011a4       0x2e ./Core/Src/dht11.o
 .debug_macro   0x00000000000011d2       0x28 ./Core/Src/dht11.o
 .debug_macro   0x00000000000011fa       0x22 ./Core/Src/dht11.o
 .debug_macro   0x000000000000121c       0x8e ./Core/Src/dht11.o
 .debug_macro   0x00000000000012aa       0x51 ./Core/Src/dht11.o
 .debug_macro   0x00000000000012fb      0x103 ./Core/Src/dht11.o
 .debug_macro   0x00000000000013fe       0x6a ./Core/Src/dht11.o
 .debug_macro   0x0000000000001468      0x1df ./Core/Src/dht11.o
 .debug_macro   0x0000000000001647       0x1c ./Core/Src/dht11.o
 .debug_macro   0x0000000000001663       0x22 ./Core/Src/dht11.o
 .debug_macro   0x0000000000001685       0xd9 ./Core/Src/dht11.o
 .debug_macro   0x000000000000175e     0x102d ./Core/Src/dht11.o
 .debug_macro   0x000000000000278b      0x11f ./Core/Src/dht11.o
 .debug_macro   0x00000000000028aa     0xb953 ./Core/Src/dht11.o
 .debug_macro   0x000000000000e1fd       0x6d ./Core/Src/dht11.o
 .debug_macro   0x000000000000e26a     0x367e ./Core/Src/dht11.o
 .debug_macro   0x00000000000118e8      0x174 ./Core/Src/dht11.o
 .debug_macro   0x0000000000011a5c       0x5c ./Core/Src/dht11.o
 .debug_macro   0x0000000000011ab8      0x447 ./Core/Src/dht11.o
 .debug_macro   0x0000000000011eff      0x9fe ./Core/Src/dht11.o
 .debug_macro   0x00000000000128fd      0x115 ./Core/Src/dht11.o
 .debug_macro   0x0000000000012a12      0x11b ./Core/Src/dht11.o
 .debug_macro   0x0000000000012b2d       0xa5 ./Core/Src/dht11.o
 .debug_macro   0x0000000000012bd2      0x15f ./Core/Src/dht11.o
 .debug_macro   0x0000000000012d31      0x287 ./Core/Src/dht11.o
 .debug_macro   0x0000000000012fb8       0x5f ./Core/Src/dht11.o
 .debug_macro   0x0000000000013017      0x236 ./Core/Src/dht11.o
 .debug_macro   0x000000000001324d      0x9e1 ./Core/Src/dht11.o
 .debug_macro   0x0000000000013c2e      0x38b ./Core/Src/dht11.o
 .debug_macro   0x0000000000013fb9      0x17d ./Core/Src/dht11.o
 .debug_macro   0x0000000000014136       0xf9 ./Core/Src/dht11.o
 .debug_macro   0x000000000001422f      0x132 ./Core/Src/dht11.o
 .debug_macro   0x0000000000014361      0x264 ./Core/Src/dht11.o
 .debug_macro   0x00000000000145c5       0x2e ./Core/Src/dht11.o
 .debug_macro   0x00000000000145f3      0x1b5 ./Core/Src/dht11.o
 .debug_macro   0x00000000000147a8       0x22 ./Core/Src/dht11.o
 .debug_macro   0x00000000000147ca       0xd6 ./Core/Src/dht11.o
 .debug_macro   0x00000000000148a0      0x11a ./Core/Src/dht11.o
 .debug_macro   0x00000000000149ba       0x85 ./Core/Src/dht11.o
 .debug_macro   0x0000000000014a3f       0x89 ./Core/Src/dht11.o
 .debug_macro   0x0000000000014ac8      0x2fe ./Core/Src/dht11.o
 .debug_macro   0x0000000000014dc6      0x430 ./Core/Src/dht11.o
 .debug_macro   0x00000000000151f6       0xe4 ./Core/Src/dht11.o
 .debug_macro   0x00000000000152da      0x8e6 ./Core/Src/dht11.o
 .debug_macro   0x0000000000015bc0       0x47 ./Core/Src/dht11.o
 .debug_macro   0x0000000000015c07      0x295 ./Core/Src/dht11.o
 .debug_macro   0x0000000000015e9c      0x126 ./Core/Src/dht11.o
 .debug_macro   0x0000000000015fc2       0x52 ./Core/Src/dht11.o
 .debug_macro   0x0000000000016014       0x1e ./Core/Src/dht11.o
 .debug_macro   0x0000000000016032       0x3c ./Core/Src/dht11.o
 .debug_macro   0x000000000001606e       0x34 ./Core/Src/dht11.o
 .debug_macro   0x00000000000160a2       0x16 ./Core/Src/dht11.o
 .debug_macro   0x00000000000160b8       0x43 ./Core/Src/dht11.o
 .debug_macro   0x00000000000160fb       0x34 ./Core/Src/dht11.o
 .debug_macro   0x000000000001612f       0x10 ./Core/Src/dht11.o
 .debug_macro   0x000000000001613f       0x58 ./Core/Src/dht11.o
 .debug_macro   0x0000000000016197       0x71 ./Core/Src/dht11.o
 .debug_macro   0x0000000000016208       0x1c ./Core/Src/dht11.o
 .debug_macro   0x0000000000016224      0x12a ./Core/Src/dht11.o
 .debug_macro   0x000000000001634e      0x341 ./Core/Src/dht11.o
 .debug_macro   0x000000000001668f       0x10 ./Core/Src/dht11.o
 .debug_macro   0x000000000001669f       0x35 ./Core/Src/dht11.o
 .debug_macro   0x00000000000166d4       0x20 ./Core/Src/dht11.o
 .debug_macro   0x00000000000166f4       0x16 ./Core/Src/dht11.o
 .debug_macro   0x000000000001670a       0x16 ./Core/Src/dht11.o
 .debug_macro   0x0000000000016720       0x29 ./Core/Src/dht11.o
 .debug_macro   0x0000000000016749       0x1d ./Core/Src/dht11.o
 .debug_macro   0x0000000000016766       0x1c ./Core/Src/dht11.o
 .debug_macro   0x0000000000016782       0x10 ./Core/Src/dht11.o
 .debug_macro   0x0000000000016792       0x10 ./Core/Src/dht11.o
 .debug_macro   0x00000000000167a2       0x1c ./Core/Src/dht11.o
 .debug_macro   0x00000000000167be       0x52 ./Core/Src/dht11.o
 .debug_macro   0x0000000000016810       0x22 ./Core/Src/dht11.o
 .debug_macro   0x0000000000016832       0x10 ./Core/Src/dht11.o
 .debug_macro   0x0000000000016842       0x52 ./Core/Src/dht11.o
 .debug_macro   0x0000000000016894       0xd5 ./Core/Src/dht11.o
 .debug_macro   0x0000000000016969       0x1c ./Core/Src/dht11.o
 .debug_macro   0x0000000000016985       0x3d ./Core/Src/dht11.o
 .debug_macro   0x00000000000169c2       0x16 ./Core/Src/dht11.o
 .debug_macro   0x00000000000169d8      0x145 ./Core/Src/dht11.o
 .debug_macro   0x0000000000016b1d      0x300 ./Core/Src/fonts.o
 .debug_macro   0x0000000000016e1d      0x260 ./Core/Src/ldr.o
 .debug_macro   0x000000000001707d      0x49d ./Core/Src/main.o
 .debug_macro   0x000000000001751a       0x16 ./Core/Src/main.o
 .debug_macro   0x0000000000017530       0x16 ./Core/Src/main.o
 .debug_macro   0x0000000000017546       0x1d ./Core/Src/main.o
 .debug_macro   0x0000000000017563      0x361 ./Core/Src/ssd1306.o
 .debug_macro   0x00000000000178c4      0x232 ./Core/Src/stm32f4xx_hal_msp.o
 .debug_macro   0x0000000000017af6      0x23c ./Core/Src/stm32f4xx_it.o
 .debug_macro   0x0000000000017d32       0xff ./Core/Src/sysmem.o
 .debug_macro   0x0000000000017e31      0x23b ./Core/Src/sysmem.o
 .debug_macro   0x000000000001806c      0x228 ./Core/Src/system_stm32f4xx.o
 .debug_macro   0x0000000000018294      0x288 ./Drivers/STM32F4xx_HAL_Driver/Src/stm32f4xx_hal.o
 .debug_macro   0x000000000001851c      0x229 ./Drivers/STM32F4xx_HAL_Driver/Src/stm32f4xx_hal_adc.o
 .debug_macro   0x0000000000018745      0x228 ./Drivers/STM32F4xx_HAL_Driver/Src/stm32f4xx_hal_cortex.o
 .debug_macro   0x000000000001896d      0x22e ./Drivers/STM32F4xx_HAL_Driver/Src/stm32f4xx_hal_dma.o
 .debug_macro   0x0000000000018b9b      0x22e ./Drivers/STM32F4xx_HAL_Driver/Src/stm32f4xx_hal_gpio.o
 .debug_macro   0x0000000000018dc9      0x26f ./Drivers/STM32F4xx_HAL_Driver/Src/stm32f4xx_hal_i2c.o
 .debug_macro   0x0000000000019038      0x240 ./Drivers/STM32F4xx_HAL_Driver/Src/stm32f4xx_hal_pwr.o
 .debug_macro   0x0000000000019278      0x24c ./Drivers/STM32F4xx_HAL_Driver/Src/stm32f4xx_hal_rcc.o